Archive member included to satisfy reference by file (symbol)

c:/progra~1/raspbe~1/picosd~1.1/gcc-ar~1/bin/../lib/gcc/arm-none-eabi/10.3.1/thumb/v6-m/nofp\libgcc.a(_dvmd_tls.o)
                              CMakeFiles/facp_izone.dir/C_/Program_Files/Raspberry_Pi/Pico_SDK_v1.5.1/pico-sdk/src/rp2_common/pico_divider/divider.S.obj (__aeabi_idiv0)
c:/progra~1/raspbe~1/picosd~1.1/gcc-ar~1/bin/../lib/gcc/arm-none-eabi/10.3.1/../../../../arm-none-eabi/lib/thumb/v6-m/nofp\libc.a(lib_a-calloc.o)
                              CMakeFiles/facp_izone.dir/C_/Program_Files/Raspberry_Pi/Pico_SDK_v1.5.1/pico-sdk/src/rp2_common/pico_malloc/pico_malloc.c.obj (calloc)
c:/progra~1/raspbe~1/picosd~1.1/gcc-ar~1/bin/../lib/gcc/arm-none-eabi/10.3.1/../../../../arm-none-eabi/lib/thumb/v6-m/nofp\libc.a(lib_a-callocr.o)
                              c:/progra~1/raspbe~1/picosd~1.1/gcc-ar~1/bin/../lib/gcc/arm-none-eabi/10.3.1/../../../../arm-none-eabi/lib/thumb/v6-m/nofp\libc.a(lib_a-calloc.o) (_calloc_r)
c:/progra~1/raspbe~1/picosd~1.1/gcc-ar~1/bin/../lib/gcc/arm-none-eabi/10.3.1/../../../../arm-none-eabi/lib/thumb/v6-m/nofp\libc.a(lib_a-errno.o)
                              c:/progra~1/raspbe~1/picosd~1.1/gcc-ar~1/bin/../lib/gcc/arm-none-eabi/10.3.1/../../../../arm-none-eabi/lib/thumb/v6-m/nofp\libc.a(lib_a-callocr.o) (__errno)
c:/progra~1/raspbe~1/picosd~1.1/gcc-ar~1/bin/../lib/gcc/arm-none-eabi/10.3.1/../../../../arm-none-eabi/lib/thumb/v6-m/nofp\libc.a(lib_a-impure.o)
                              c:/progra~1/raspbe~1/picosd~1.1/gcc-ar~1/bin/../lib/gcc/arm-none-eabi/10.3.1/../../../../arm-none-eabi/lib/thumb/v6-m/nofp\libc.a(lib_a-calloc.o) (_impure_ptr)
c:/progra~1/raspbe~1/picosd~1.1/gcc-ar~1/bin/../lib/gcc/arm-none-eabi/10.3.1/../../../../arm-none-eabi/lib/thumb/v6-m/nofp\libc.a(lib_a-init.o)
                              c:/progra~1/raspbe~1/picosd~1.1/gcc-ar~1/bin/../lib/gcc/arm-none-eabi/10.3.1/../../../../arm-none-eabi/lib/thumb/v6-m/nofp/crt0.o (__libc_init_array)
c:/progra~1/raspbe~1/picosd~1.1/gcc-ar~1/bin/../lib/gcc/arm-none-eabi/10.3.1/../../../../arm-none-eabi/lib/thumb/v6-m/nofp\libc.a(lib_a-malloc.o)
                              CMakeFiles/facp_izone.dir/C_/Program_Files/Raspberry_Pi/Pico_SDK_v1.5.1/pico-sdk/src/rp2_common/pico_malloc/pico_malloc.c.obj (malloc)
c:/progra~1/raspbe~1/picosd~1.1/gcc-ar~1/bin/../lib/gcc/arm-none-eabi/10.3.1/../../../../arm-none-eabi/lib/thumb/v6-m/nofp\libc.a(lib_a-mallocr.o)
                              c:/progra~1/raspbe~1/picosd~1.1/gcc-ar~1/bin/../lib/gcc/arm-none-eabi/10.3.1/../../../../arm-none-eabi/lib/thumb/v6-m/nofp\libc.a(lib_a-callocr.o) (_malloc_r)
c:/progra~1/raspbe~1/picosd~1.1/gcc-ar~1/bin/../lib/gcc/arm-none-eabi/10.3.1/../../../../arm-none-eabi/lib/thumb/v6-m/nofp\libc.a(lib_a-mlock.o)
                              c:/progra~1/raspbe~1/picosd~1.1/gcc-ar~1/bin/../lib/gcc/arm-none-eabi/10.3.1/../../../../arm-none-eabi/lib/thumb/v6-m/nofp\libc.a(lib_a-mallocr.o) (__malloc_lock)
c:/progra~1/raspbe~1/picosd~1.1/gcc-ar~1/bin/../lib/gcc/arm-none-eabi/10.3.1/../../../../arm-none-eabi/lib/thumb/v6-m/nofp\libc.a(lib_a-realloc.o)
                              CMakeFiles/facp_izone.dir/C_/Program_Files/Raspberry_Pi/Pico_SDK_v1.5.1/pico-sdk/src/rp2_common/pico_malloc/pico_malloc.c.obj (realloc)
c:/progra~1/raspbe~1/picosd~1.1/gcc-ar~1/bin/../lib/gcc/arm-none-eabi/10.3.1/../../../../arm-none-eabi/lib/thumb/v6-m/nofp\libc.a(lib_a-reallocr.o)
                              c:/progra~1/raspbe~1/picosd~1.1/gcc-ar~1/bin/../lib/gcc/arm-none-eabi/10.3.1/../../../../arm-none-eabi/lib/thumb/v6-m/nofp\libc.a(lib_a-realloc.o) (_realloc_r)
c:/progra~1/raspbe~1/picosd~1.1/gcc-ar~1/bin/../lib/gcc/arm-none-eabi/10.3.1/../../../../arm-none-eabi/lib/thumb/v6-m/nofp\libc.a(lib_a-sbrkr.o)
                              c:/progra~1/raspbe~1/picosd~1.1/gcc-ar~1/bin/../lib/gcc/arm-none-eabi/10.3.1/../../../../arm-none-eabi/lib/thumb/v6-m/nofp\libc.a(lib_a-mallocr.o) (_sbrk_r)
c:/progra~1/raspbe~1/picosd~1.1/gcc-ar~1/bin/../lib/gcc/arm-none-eabi/10.3.1/../../../../arm-none-eabi/lib/thumb/v6-m/nofp\libc.a(lib_a-stpcpy.o)
                              CMakeFiles/facp_izone.dir/lib/FreeRTOS-Kernel/tasks.c.obj (stpcpy)
c:/progra~1/raspbe~1/picosd~1.1/gcc-ar~1/bin/../lib/gcc/arm-none-eabi/10.3.1/../../../../arm-none-eabi/lib/thumb/v6-m/nofp\libc.a(lib_a-strlen-stub.o)
                              CMakeFiles/facp_izone.dir/C_/Program_Files/Raspberry_Pi/Pico_SDK_v1.5.1/pico-sdk/src/rp2_common/pico_stdio/stdio.c.obj (strlen)
c:/progra~1/raspbe~1/picosd~1.1/gcc-ar~1/bin/../lib/gcc/arm-none-eabi/10.3.1/../../../../arm-none-eabi/lib/thumb/v6-m/nofp\libc.a(lib_a-freer.o)
                              c:/progra~1/raspbe~1/picosd~1.1/gcc-ar~1/bin/../lib/gcc/arm-none-eabi/10.3.1/../../../../arm-none-eabi/lib/thumb/v6-m/nofp\libc.a(lib_a-malloc.o) (_free_r)
c:/progra~1/raspbe~1/picosd~1.1/gcc-ar~1/bin/../lib/gcc/arm-none-eabi/10.3.1/../../../../arm-none-eabi/lib/thumb/v6-m/nofp\libc.a(lib_a-lock.o)
[...]
Memory Configuration

Name             Origin             Length             Attributes
FLASH            0x10000000         0x00200000         xr
RAM              0x20000000         0x00040000         xrw
SCRATCH_X        0x20040000         0x00001000         xrw
SCRATCH_Y        0x20041000         0x00001000         xrw
*default*        0x00000000         0xffffffff

Linker script and memory map

LOAD c:/progra~1/raspbe~1/picosd~1.1/gcc-ar~1/bin/../lib/gcc/arm-none-eabi/10.3.1/thumb/v6-m/nofp/crti.o
LOAD c:/progra~1/raspbe~1/picosd~1.1/gcc-ar~1/bin/../lib/gcc/arm-none-eabi/10.3.1/thumb/v6-m/nofp/crtbegin.o
LOAD c:/progra~1/raspbe~1/picosd~1.1/gcc-ar~1/bin/../lib/gcc/arm-none-eabi/10.3.1/../../../../arm-none-eabi/lib/thumb/v6-m/nofp/crt0.o

.flash_begin    0x10000000        0x0
                0x10000000                __flash_binary_start = .

.boot2          0x10000000      0x100
                0x10000000                __boot2_start__ = .
 *(.boot2)
 .boot2         0x10000000      0x100 C:\Users\z13z4\AppData\Local\Temp\ccZRFYYi.o
                0x10000100                __boot2_end__ = .
                0x00000001                ASSERT (((__boot2_end__ - __boot2_start__) == 0x100), ERROR: Pico second stage bootloader must be 256 bytes in size)

.text           0x10000100     0x95e8
                0x10000100                __logical_binary_start = .
 *(.vectors)
 .vectors       0x10000100       0xd4 CMakeFiles/facp_izone.dir/C_/Program_Files/Raspberry_Pi/Pico_SDK_v1.5.1/pico-sdk/src/rp2_common/pico_standard_link/crt0.S.obj
                0x10000100                __VECTOR_TABLE
                0x10000100                __vectors
                0x100001c0                isr_invalid
                0x100001c0                __default_isrs_start
                0x100001c2                isr_nmi
                0x100001c4                isr_hardfault
                0x100001c6                isr_svcall
                0x100001c8                isr_pendsv
                0x100001ca                isr_systick
                0x100001cc                isr_irq23
                0x100001cc                isr_irq18
                0x100001cc                isr_irq11
                0x100001cc                isr_irq28
                0x100001cc                isr_irq19
                0x100001cc                isr_irq0
                0x100001cc                isr_irq6
                0x100001cc                isr_irq5
                0x100001cc                isr_irq12
                0x100001cc                isr_irq22
                0x100001cc                isr_irq31
                0x100001cc                isr_irq17
                0x100001cc                isr_irq27
                0x100001cc                isr_irq30
                0x100001cc                isr_irq2
                0x100001cc                isr_irq10
                0x100001cc                isr_irq8
                0x100001cc                isr_irq24
                0x100001cc                isr_irq1
                0x100001cc                isr_irq7
                0x100001cc                isr_irq21
                0x100001cc                isr_irq20
                0x100001cc                isr_irq15
                0x100001cc                isr_irq25
                0x100001cc                isr_irq13
                0x100001cc                __unhandled_user_irq
                0x100001cc                isr_irq4
                0x100001cc                isr_irq16
                0x100001cc                isr_irq29
                0x100001cc                isr_irq26
                0x100001cc                __default_isrs_end
                0x100001cc                isr_irq3
                0x100001cc                isr_irq14
                0x100001cc                isr_irq9
                0x100001d2                unhandled_user_irq_num_in_r0
 *(.binary_info_header)
 .binary_info_header
                0x100001d4       0x14 CMakeFiles/facp_izone.dir/C_/Program_Files/Raspberry_Pi/Pico_SDK_v1.5.1/pico-sdk/src/rp2_common/pico_standard_link/crt0.S.obj
                0x100001e8                __binary_info_header_end = .
 *(.reset)
 .reset         0x100001e8       0xa0 CMakeFiles/facp_izone.dir/C_/Program_Files/Raspberry_Pi/Pico_SDK_v1.5.1/pico-sdk/src/rp2_common/pico_standard_link/crt0.S.obj
                0x100001e8                _entry_point
 .reset         0x10000288       0x30 CMakeFiles/facp_izone.dir/C_/Program_Files/Raspberry_Pi/Pico_SDK_v1.5.1/pico-sdk/src/rp2_common/pico_standard_link/binary_info.c.obj
 *(.init)
 .init          0x100002b8        0x4 c:/progra~1/raspbe~1/picosd~1.1/gcc-ar~1/bin/../lib/gcc/arm-none-eabi/10.3.1/thumb/v6-m/nofp/crti.o
                0x100002b8                _init
 *(EXCLUDE_FILE(*libm.a: *libc.a:*lib_a-mem*.o *libgcc.a:) .text*)
 .text          0x100002bc       0x48 c:/progra~1/raspbe~1/picosd~1.1/gcc-ar~1/bin/../lib/gcc/arm-none-eabi/10.3.1/thumb/v6-m/nofp/crtbegin.o
 .text.prvSystemMonitorTask
                0x10000304       0x40 CMakeFiles/facp_izone.dir/src/main.c.obj
 .text.prvLedBlinkTask
                0x10000344       0x40 CMakeFiles/facp_izone.dir/src/main.c.obj
 .text.startup.main
                0x10000384      0x188 CMakeFiles/facp_izone.dir/src/main.c.obj
                0x10000384                main
 .text.vPortSetupTimerInterrupt
                0x1000050c        0x4 CMakeFiles/facp_izone.dir/src/freertos_config.c.obj
                0x1000050c                vPortSetupTimerInterrupt
 .text.vApplicationMallocFailedHook
                0x10000510       0x28 CMakeFiles/facp_izone.dir/src/system_init.c.obj
                0x10000510                vApplicationMallocFailedHook
 .text.vApplicationStackOverflowHook
                0x10000538       0x28 CMakeFiles/facp_izone.dir/src/system_init.c.obj
                0x10000538                vApplicationStackOverflowHook
 .text.vApplicationGetIdleTaskMemory
                0x10000560       0x18 CMakeFiles/facp_izone.dir/src/system_init.c.obj
                0x10000560                vApplicationGetIdleTaskMemory
 .text.vApplicationGetTimerTaskMemory
                0x10000578       0x18 CMakeFiles/facp_izone.dir/src/system_init.c.obj
                0x10000578                vApplicationGetTimerTaskMemory
 .text.vApplicationGetPassiveIdleTaskMemory
                0x10000590       0x28 CMakeFiles/facp_izone.dir/src/system_init.c.obj
                0x10000590                vApplicationGetPassiveIdleTaskMemory
 .text.vSMPTestTask
                0x100005b8       0x50 CMakeFiles/facp_izone.dir/src/smp_config.c.obj
                0x100005b8                vSMPTestTask
 .text.xTaskCreateWithAffinity
                0x10000608       0x44 CMakeFiles/facp_izone.dir/src/smp_config.c.obj
                0x10000608                xTaskCreateWithAffinity
 .text.vPrintSMPStatus
                0x1000064c       0x90 CMakeFiles/facp_izone.dir/src/smp_config.c.obj
                0x1000064c                vPrintSMPStatus
 .text.xValidateSMPConfiguration
                0x100006dc       0x94 CMakeFiles/facp_izone.dir/src/smp_config.c.obj
                0x100006dc                xValidateSMPConfiguration
 .text.xCreateSMPTestTasks
                0x10000770       0xbc CMakeFiles/facp_izone.dir/src/smp_config.c.obj
                0x10000770                xCreateSMPTestTasks
 .text.gpio_init
                0x1000082c       0x3c CMakeFiles/facp_izone.dir/C_/Program_Files/Raspberry_Pi/Pico_SDK_v1.5.1/pico-sdk/src/rp2_common/hardware_gpio/gpio.c.obj
                0x1000082c                gpio_init
 .text.running_on_fpga
                0x10000868       0x10 CMakeFiles/facp_izone.dir/C_/Program_Files/Raspberry_Pi/Pico_SDK_v1.5.1/pico-sdk/src/rp2_common/pico_platform/platform.c.obj
                0x10000868                running_on_fpga
 .text.hw_claim_or_assert
                0x10000878       0x44 CMakeFiles/facp_izone.dir/C_/Program_Files/Raspberry_Pi/Pico_SDK_v1.5.1/pico-sdk/src/rp2_common/hardware_claim/claim.c.obj
                0x10000878                hw_claim_or_assert
 .text.hw_claim_unused_from_range
                0x100008bc       0x9c CMakeFiles/facp_izone.dir/C_/Program_Files/Raspberry_Pi/Pico_SDK_v1.5.1/pico-sdk/src/rp2_common/hardware_claim/claim.c.obj
                0x100008bc                hw_claim_unused_from_range
 .text.spin_locks_reset
                0x10000958       0x1c CMakeFiles/facp_izone.dir/C_/Program_Files/Raspberry_Pi/Pico_SDK_v1.5.1/pico-sdk/src/rp2_common/hardware_sync/sync.c.obj
                0x10000958                spin_locks_reset
 .text.next_striped_spin_lock_num
                0x10000974       0x18 CMakeFiles/facp_izone.dir/C_/Program_Files/Raspberry_Pi/Pico_SDK_v1.5.1/pico-sdk/src/rp2_common/hardware_sync/sync.c.obj
                0x10000974                next_striped_spin_lock_num
 .text.spin_lock_claim
                0x1000098c       0x18 CMakeFiles/facp_izone.dir/C_/Program_Files/Raspberry_Pi/Pico_SDK_v1.5.1/pico-sdk/src/rp2_common/hardware_sync/sync.c.obj
                0x1000098c                spin_lock_claim
 .text.spin_lock_claim_unused
                0x100009a4       0x20 CMakeFiles/facp_izone.dir/C_/Program_Files/Raspberry_Pi/Pico_SDK_v1.5.1/pico-sdk/src/rp2_common/hardware_sync/sync.c.obj
                0x100009a4                spin_lock_claim_unused
 .text.irq_set_enabled
                0x100009c4       0x24 CMakeFiles/facp_izone.dir/C_/Program_Files/Raspberry_Pi/Pico_SDK_v1.5.1/pico-sdk/src/rp2_common/hardware_irq/irq.c.obj
                0x100009c4                irq_set_enabled
 .text.irq_is_enabled
                0x100009e8       0x18 CMakeFiles/facp_izone.dir/C_/Program_Files/Raspberry_Pi/Pico_SDK_v1.5.1/pico-sdk/src/rp2_common/hardware_irq/irq.c.obj
                0x100009e8                irq_is_enabled
 .text.irq_set_pending
                0x10000a00       0x10 CMakeFiles/facp_izone.dir/C_/Program_Files/Raspberry_Pi/Pico_SDK_v1.5.1/pico-sdk/src/rp2_common/hardware_irq/irq.c.obj
                0x10000a00                irq_set_pending
 .text.irq_has_shared_handler
                0x10000a10       0x2c CMakeFiles/facp_izone.dir/C_/Program_Files/Raspberry_Pi/Pico_SDK_v1.5.1/pico-sdk/src/rp2_common/hardware_irq/irq.c.obj
                0x10000a10                irq_has_shared_handler
 .text.irq_get_vtable_handler
                0x10000a3c       0x10 CMakeFiles/facp_izone.dir/C_/Program_Files/Raspberry_Pi/Pico_SDK_v1.5.1/pico-sdk/src/rp2_common/hardware_irq/irq.c.obj
                0x10000a3c                irq_get_vtable_handler
 .text.irq_set_exclusive_handler
                0x10000a4c       0x54 CMakeFiles/facp_izone.dir/C_/Program_Files/Raspberry_Pi/Pico_SDK_v1.5.1/pico-sdk/src/rp2_common/hardware_irq/irq.c.obj
                0x10000a4c                irq_set_exclusive_handler
 .text.irq_add_shared_handler
                0x10000aa0      0x1e8 CMakeFiles/facp_izone.dir/C_/Program_Files/Raspberry_Pi/Pico_SDK_v1.5.1/pico-sdk/src/rp2_common/hardware_irq/irq.c.obj
                0x10000aa0                irq_add_shared_handler
 .text.irq_remove_handler
                0x10000c88      0x1b0 CMakeFiles/facp_izone.dir/C_/Program_Files/Raspberry_Pi/Pico_SDK_v1.5.1/pico-sdk/src/rp2_common/hardware_irq/irq.c.obj
                0x10000c88                irq_remove_handler
 .text.irq_set_priority
                0x10000e38       0x28 CMakeFiles/facp_izone.dir/C_/Program_Files/Raspberry_Pi/Pico_SDK_v1.5.1/pico-sdk/src/rp2_common/hardware_irq/irq.c.obj
                0x10000e38                irq_set_priority
 .text.irq_add_tail_to_free_list
                0x10000e60       0xa4 CMakeFiles/facp_izone.dir/C_/Program_Files/Raspberry_Pi/Pico_SDK_v1.5.1/pico-sdk/src/rp2_common/hardware_irq/irq.c.obj
                0x10000e60                irq_add_tail_to_free_list
 .text.irq_init_priorities
                0x10000f04       0x24 CMakeFiles/facp_izone.dir/C_/Program_Files/Raspberry_Pi/Pico_SDK_v1.5.1/pico-sdk/src/rp2_common/hardware_irq/irq.c.obj
                0x10000f04                irq_init_priorities
 .text.user_irq_claim_unused
                0x10000f28       0x28 CMakeFiles/facp_izone.dir/C_/Program_Files/Raspberry_Pi/Pico_SDK_v1.5.1/pico-sdk/src/rp2_common/hardware_irq/irq.c.obj
                0x10000f28                user_irq_claim_unused
 .text.lock_init
                0x10000f50       0x10 CMakeFiles/facp_izone.dir/C_/Program_Files/Raspberry_Pi/Pico_SDK_v1.5.1/pico-sdk/src/common/pico_sync/lock_core.c.obj
                0x10000f50                lock_init
 .text.mutex_init
                0x10000f60       0x1c CMakeFiles/facp_izone.dir/C_/Program_Files/Raspberry_Pi/Pico_SDK_v1.5.1/pico-sdk/src/common/pico_sync/mutex.c.obj
                0x10000f60                mutex_init
 .text.recursive_mutex_init
                0x10000f7c       0x20 CMakeFiles/facp_izone.dir/C_/Program_Files/Raspberry_Pi/Pico_SDK_v1.5.1/pico-sdk/src/common/pico_sync/mutex.c.obj
                0x10000f7c                recursive_mutex_init
 .text.critical_section_init
                0x10000f9c       0x20 CMakeFiles/facp_izone.dir/C_/Program_Files/Raspberry_Pi/Pico_SDK_v1.5.1/pico-sdk/src/common/pico_sync/critical_section.c.obj
                0x10000f9c                critical_section_init
 .text.critical_section_init_with_lock_num
                0x10000fbc       0x14 CMakeFiles/facp_izone.dir/C_/Program_Files/Raspberry_Pi/Pico_SDK_v1.5.1/pico-sdk/src/common/pico_sync/critical_section.c.obj
                0x10000fbc                critical_section_init_with_lock_num
 .text.timer_pool_entry_comparator
                0x10000fd0       0x34 CMakeFiles/facp_izone.dir/C_/Program_Files/Raspberry_Pi/Pico_SDK_v1.5.1/pico-sdk/src/common/pico_time/time.c.obj
                0x10000fd0                timer_pool_entry_comparator
 .text.sleep_until_callback
                0x10001004       0x24 CMakeFiles/facp_izone.dir/C_/Program_Files/Raspberry_Pi/Pico_SDK_v1.5.1/pico-sdk/src/common/pico_time/time.c.obj
 .text.alarm_pool_cancel_alarm.part.0
                0x10001028       0x74 CMakeFiles/facp_izone.dir/C_/Program_Files/Raspberry_Pi/Pico_SDK_v1.5.1/pico-sdk/src/common/pico_time/time.c.obj
 .text.add_alarm_under_lock
                0x1000109c      0x110 CMakeFiles/facp_izone.dir/C_/Program_Files/Raspberry_Pi/Pico_SDK_v1.5.1/pico-sdk/src/common/pico_time/time.c.obj
 .text.alarm_pool_alarm_callback
                0x100011ac      0x1bc CMakeFiles/facp_izone.dir/C_/Program_Files/Raspberry_Pi/Pico_SDK_v1.5.1/pico-sdk/src/common/pico_time/time.c.obj
 .text.alarm_pool_init_default
                0x10001368       0x6c CMakeFiles/facp_izone.dir/C_/Program_Files/Raspberry_Pi/Pico_SDK_v1.5.1/pico-sdk/src/common/pico_time/time.c.obj
                0x10001368                alarm_pool_init_default
 .text.alarm_pool_get_default
                0x100013d4        0x8 CMakeFiles/facp_izone.dir/C_/Program_Files/Raspberry_Pi/Pico_SDK_v1.5.1/pico-sdk/src/common/pico_time/time.c.obj
                0x100013d4                alarm_pool_get_default
 .text.alarm_pool_add_alarm_at
                0x100013dc       0xf0 CMakeFiles/facp_izone.dir/C_/Program_Files/Raspberry_Pi/Pico_SDK_v1.5.1/pico-sdk/src/common/pico_time/time.c.obj
                0x100013dc                alarm_pool_add_alarm_at
 .text.alarm_pool_core_num
                0x100014cc        0x4 CMakeFiles/facp_izone.dir/C_/Program_Files/Raspberry_Pi/Pico_SDK_v1.5.1/pico-sdk/src/common/pico_time/time.c.obj
                0x100014cc                alarm_pool_core_num
 .text.sleep_until
                0x100014d0       0xbc CMakeFiles/facp_izone.dir/C_/Program_Files/Raspberry_Pi/Pico_SDK_v1.5.1/pico-sdk/src/common/pico_time/time.c.obj
                0x100014d0                sleep_until
 .text.sleep_ms
                0x1000158c       0x34 CMakeFiles/facp_izone.dir/C_/Program_Files/Raspberry_Pi/Pico_SDK_v1.5.1/pico-sdk/src/common/pico_time/time.c.obj
                0x1000158c                sleep_ms
 .text.best_effort_wfe_or_timeout
                0x100015c0       0x78 CMakeFiles/facp_izone.dir/C_/Program_Files/Raspberry_Pi/Pico_SDK_v1.5.1/pico-sdk/src/common/pico_time/time.c.obj
                0x100015c0                best_effort_wfe_or_timeout
 .text.hardware_alarm_irq_handler
                0x10001638       0xbc CMakeFiles/facp_izone.dir/C_/Program_Files/Raspberry_Pi/Pico_SDK_v1.5.1/pico-sdk/src/rp2_common/hardware_timer/timer.c.obj
 .text.hardware_alarm_claim
                0x100016f4       0x18 CMakeFiles/facp_izone.dir/C_/Program_Files/Raspberry_Pi/Pico_SDK_v1.5.1/pico-sdk/src/rp2_common/hardware_timer/timer.c.obj
                0x100016f4                hardware_alarm_claim
 .text.time_us_64
                0x1000170c       0x14 CMakeFiles/facp_izone.dir/C_/Program_Files/Raspberry_Pi/Pico_SDK_v1.5.1/pico-sdk/src/rp2_common/hardware_timer/timer.c.obj
                0x1000170c                time_us_64
 .text.busy_wait_until
                0x10001720       0x20 CMakeFiles/facp_izone.dir/C_/Program_Files/Raspberry_Pi/Pico_SDK_v1.5.1/pico-sdk/src/rp2_common/hardware_timer/timer.c.obj
                0x10001720                busy_wait_until
 .text.hardware_alarm_set_callback
                0x10001740       0x8c CMakeFiles/facp_izone.dir/C_/Program_Files/Raspberry_Pi/Pico_SDK_v1.5.1/pico-sdk/src/rp2_common/hardware_timer/timer.c.obj
                0x10001740                hardware_alarm_set_callback
 .text.hardware_alarm_set_target
                0x100017cc       0xd4 CMakeFiles/facp_izone.dir/C_/Program_Files/Raspberry_Pi/Pico_SDK_v1.5.1/pico-sdk/src/rp2_common/hardware_timer/timer.c.obj
                0x100017cc                hardware_alarm_set_target
 .text.hardware_alarm_cancel
                0x100018a0       0x3c CMakeFiles/facp_izone.dir/C_/Program_Files/Raspberry_Pi/Pico_SDK_v1.5.1/pico-sdk/src/rp2_common/hardware_timer/timer.c.obj
                0x100018a0                hardware_alarm_cancel
 .text.ph_post_alloc_init
                0x100018dc       0x3c CMakeFiles/facp_izone.dir/C_/Program_Files/Raspberry_Pi/Pico_SDK_v1.5.1/pico-sdk/src/common/pico_util/pheap.c.obj
                0x100018dc                ph_post_alloc_init
 .text.ph_merge_two_pass
                0x10001918       0xd4 CMakeFiles/facp_izone.dir/C_/Program_Files/Raspberry_Pi/Pico_SDK_v1.5.1/pico-sdk/src/common/pico_util/pheap.c.obj
                0x10001918                ph_merge_two_pass
 .text.ph_remove_any_head
                0x100019ec       0x54 CMakeFiles/facp_izone.dir/C_/Program_Files/Raspberry_Pi/Pico_SDK_v1.5.1/pico-sdk/src/common/pico_util/pheap.c.obj
 .text.ph_remove_head
                0x10001a40       0x58 CMakeFiles/facp_izone.dir/C_/Program_Files/Raspberry_Pi/Pico_SDK_v1.5.1/pico-sdk/src/common/pico_util/pheap.c.obj
                0x10001a40                ph_remove_head
 .text.ph_remove_and_free_node
                0x10001a98       0xd4 CMakeFiles/facp_izone.dir/C_/Program_Files/Raspberry_Pi/Pico_SDK_v1.5.1/pico-sdk/src/common/pico_util/pheap.c.obj
                0x10001a98                ph_remove_and_free_node
 .text.clock_configure.part.0
                0x10001b6c      0x10c CMakeFiles/facp_izone.dir/C_/Program_Files/Raspberry_Pi/Pico_SDK_v1.5.1/pico-sdk/src/rp2_common/hardware_clocks/clocks.c.obj
 .text.clocks_init
                0x10001c78       0xf8 CMakeFiles/facp_izone.dir/C_/Program_Files/Raspberry_Pi/Pico_SDK_v1.5.1/pico-sdk/src/rp2_common/hardware_clocks/clocks.c.obj
                0x10001c78                clocks_init
 .text.pll_init
                0x10001d70       0xa0 CMakeFiles/facp_izone.dir/C_/Program_Files/Raspberry_Pi/Pico_SDK_v1.5.1/pico-sdk/src/rp2_common/hardware_pll/pll.c.obj
                0x10001d70                pll_init
 .text.watchdog_start_tick
                0x10001e10       0x10 CMakeFiles/facp_izone.dir/C_/Program_Files/Raspberry_Pi/Pico_SDK_v1.5.1/pico-sdk/src/rp2_common/hardware_watchdog/watchdog.c.obj
                0x10001e10                watchdog_start_tick
 .text.watchdog_update
                0x10001e20       0x14 CMakeFiles/facp_izone.dir/C_/Program_Files/Raspberry_Pi/Pico_SDK_v1.5.1/pico-sdk/src/rp2_common/hardware_watchdog/watchdog.c.obj
                0x10001e20                watchdog_update
 .text.watchdog_enable
                0x10001e34       0x84 CMakeFiles/facp_izone.dir/C_/Program_Files/Raspberry_Pi/Pico_SDK_v1.5.1/pico-sdk/src/rp2_common/hardware_watchdog/watchdog.c.obj
                0x10001e34                watchdog_enable
 .text.watchdog_reboot
                0x10001eb8       0x98 CMakeFiles/facp_izone.dir/C_/Program_Files/Raspberry_Pi/Pico_SDK_v1.5.1/pico-sdk/src/rp2_common/hardware_watchdog/watchdog.c.obj
                0x10001eb8                watchdog_reboot
 .text.watchdog_caused_reboot
                0x10001f50       0x10 CMakeFiles/facp_izone.dir/C_/Program_Files/Raspberry_Pi/Pico_SDK_v1.5.1/pico-sdk/src/rp2_common/hardware_watchdog/watchdog.c.obj
                0x10001f50                watchdog_caused_reboot
 .text.xosc_init
                0x10001f60       0x28 CMakeFiles/facp_izone.dir/C_/Program_Files/Raspberry_Pi/Pico_SDK_v1.5.1/pico-sdk/src/rp2_common/hardware_xosc/xosc.c.obj
                0x10001f60                xosc_init
 .text.runtime_init
                0x10001f88       0xec CMakeFiles/facp_izone.dir/C_/Program_Files/Raspberry_Pi/Pico_SDK_v1.5.1/pico-sdk/src/rp2_common/pico_runtime/runtime.c.obj
                0x10001f88                runtime_init
 .text._exit    0x10002074        0x4 CMakeFiles/facp_izone.dir/C_/Program_Files/Raspberry_Pi/Pico_SDK_v1.5.1/pico-sdk/src/rp2_common/pico_runtime/runtime.c.obj
                0x10002074                _exit
 .text.exit     0x10002078        0x8 CMakeFiles/facp_izone.dir/C_/Program_Files/Raspberry_Pi/Pico_SDK_v1.5.1/pico-sdk/src/rp2_common/pico_runtime/runtime.c.obj
                0x10002078                exit
 .text.panic    0x10002080       0x30 CMakeFiles/facp_izone.dir/C_/Program_Files/Raspberry_Pi/Pico_SDK_v1.5.1/pico-sdk/src/rp2_common/pico_runtime/runtime.c.obj
                0x10002080                panic
 .text.panic_unsupported
                0x100020b0        0xc CMakeFiles/facp_izone.dir/C_/Program_Files/Raspberry_Pi/Pico_SDK_v1.5.1/pico-sdk/src/rp2_common/pico_runtime/runtime.c.obj
                0x100020b0                panic_unsupported
 .text.hard_assertion_failure
                0x100020bc        0xc CMakeFiles/facp_izone.dir/C_/Program_Files/Raspberry_Pi/Pico_SDK_v1.5.1/pico-sdk/src/rp2_common/pico_runtime/runtime.c.obj
                0x100020bc                hard_assertion_failure
 .text._out_null
                0x100020c8        0x4 CMakeFiles/facp_izone.dir/C_/Program_Files/Raspberry_Pi/Pico_SDK_v1.5.1/pico-sdk/src/rp2_common/pico_printf/printf.c.obj
 .text._out_rev
                0x100020cc       0x9c CMakeFiles/facp_izone.dir/C_/Program_Files/Raspberry_Pi/Pico_SDK_v1.5.1/pico-sdk/src/rp2_common/pico_printf/printf.c.obj
 .text._ntoa_format
                0x10002168      0x1d0 CMakeFiles/facp_izone.dir/C_/Program_Files/Raspberry_Pi/Pico_SDK_v1.5.1/pico-sdk/src/rp2_common/pico_printf/printf.c.obj
 .text._ntoa_long
                0x10002338       0xb8 CMakeFiles/facp_izone.dir/C_/Program_Files/Raspberry_Pi/Pico_SDK_v1.5.1/pico-sdk/src/rp2_common/pico_printf/printf.c.obj
 .text._ntoa_long_long
                0x100023f0       0xd8 CMakeFiles/facp_izone.dir/C_/Program_Files/Raspberry_Pi/Pico_SDK_v1.5.1/pico-sdk/src/rp2_common/pico_printf/printf.c.obj
 .text._etoa    0x100024c8      0x3fc CMakeFiles/facp_izone.dir/C_/Program_Files/Raspberry_Pi/Pico_SDK_v1.5.1/pico-sdk/src/rp2_common/pico_printf/printf.c.obj
 .text._ftoa    0x100028c4      0x398 CMakeFiles/facp_izone.dir/C_/Program_Files/Raspberry_Pi/Pico_SDK_v1.5.1/pico-sdk/src/rp2_common/pico_printf/printf.c.obj
 .text._out_char
                0x10002c5c       0x10 CMakeFiles/facp_izone.dir/C_/Program_Files/Raspberry_Pi/Pico_SDK_v1.5.1/pico-sdk/src/rp2_common/pico_printf/printf.c.obj
 .text._out_fct
                0x10002c6c       0x10 CMakeFiles/facp_izone.dir/C_/Program_Files/Raspberry_Pi/Pico_SDK_v1.5.1/pico-sdk/src/rp2_common/pico_printf/printf.c.obj
 .text._vsnprintf
                0x10002c7c      0x704 CMakeFiles/facp_izone.dir/C_/Program_Files/Raspberry_Pi/Pico_SDK_v1.5.1/pico-sdk/src/rp2_common/pico_printf/printf.c.obj
 .text.vfctprintf
                0x10003380       0x20 CMakeFiles/facp_izone.dir/C_/Program_Files/Raspberry_Pi/Pico_SDK_v1.5.1/pico-sdk/src/rp2_common/pico_printf/printf.c.obj
                0x10003380                vfctprintf
 .text.weak_raw_vprintf
                0x100033a0       0x30 CMakeFiles/facp_izone.dir/C_/Program_Files/Raspberry_Pi/Pico_SDK_v1.5.1/pico-sdk/src/rp2_common/pico_printf/printf.c.obj
                0x100033a0                weak_raw_vprintf
 .text          0x100033d0       0x10 CMakeFiles/facp_izone.dir/C_/Program_Files/Raspberry_Pi/Pico_SDK_v1.5.1/pico-sdk/src/rp2_common/pico_bit_ops/bit_ops_aeabi.S.obj
 .text.rom_func_lookup
                0x100033e0       0x10 CMakeFiles/facp_izone.dir/C_/Program_Files/Raspberry_Pi/Pico_SDK_v1.5.1/pico-sdk/src/rp2_common/pico_bootrom/bootrom.c.obj
                0x100033e0                rom_func_lookup
 .text.rom_data_lookup
                0x100033f0       0x10 CMakeFiles/facp_izone.dir/C_/Program_Files/Raspberry_Pi/Pico_SDK_v1.5.1/pico-sdk/src/rp2_common/pico_bootrom/bootrom.c.obj
                0x100033f0                rom_data_lookup
 .text.rom_funcs_lookup
                0x10003400       0x44 CMakeFiles/facp_izone.dir/C_/Program_Files/Raspberry_Pi/Pico_SDK_v1.5.1/pico-sdk/src/rp2_common/pico_bootrom/bootrom.c.obj
                0x10003400                rom_funcs_lookup
 .text.__wrap___aeabi_idiv
                0x10003444       0x50 CMakeFiles/facp_izone.dir/C_/Program_Files/Raspberry_Pi/Pico_SDK_v1.5.1/pico-sdk/src/rp2_common/pico_divider/divider.S.obj
                0x10003444                __wrap___aeabi_idivmod
                0x10003444                divmod_s32s32
                0x10003444                div_s32s32
                0x10003444                __wrap___aeabi_idiv
                0x1000344c                divmod_s32s32_unsafe
                0x10003478                divmod_s32s32_savestate
 .text.__wrap___aeabi_uidiv
                0x10003494       0x4c CMakeFiles/facp_izone.dir/C_/Program_Files/Raspberry_Pi/Pico_SDK_v1.5.1/pico-sdk/src/rp2_common/pico_divider/divider.S.obj
                0x10003494                __wrap___aeabi_uidiv
                0x10003494                __wrap___aeabi_uidivmod
                0x10003494                div_u32u32
                0x10003494                divmod_u32u32
                0x1000349c                divmod_u32u32_unsafe
                0x100034c4                divmod_u32u32_savestate
 .text.__wrap___aeabi_ldiv
                0x100034e0      0x424 CMakeFiles/facp_izone.dir/C_/Program_Files/Raspberry_Pi/Pico_SDK_v1.5.1/pico-sdk/src/rp2_common/pico_divider/divider.S.obj
                0x100034e0                div_s64s64
                0x100034e0                divmod_s64s64
                0x100034e0                __wrap___aeabi_ldivmod
                0x10003510                divmod_u64u64
                0x10003510                div_u64u64
                0x10003510                __wrap___aeabi_uldivmod
                0x10003520                divmod_u64u64_savestate
                0x10003540                divmod_s64s64_unsafe
                0x100035c8                divmod_u64u64_unsafe
 .text.__wrap___aeabi_darithmetic
                0x10003904       0x80 CMakeFiles/facp_izone.dir/C_/Program_Files/Raspberry_Pi/Pico_SDK_v1.5.1/pico-sdk/src/rp2_common/pico_double/double_aeabi.S.obj
                0x10003904                __wrap___aeabi_drsub
                0x1000390a                __wrap___aeabi_dsub
                0x1000391c                __wrap___aeabi_dadd
                0x1000392e                __wrap___aeabi_ddiv
                0x1000396a                __wrap___aeabi_dmul
 .text.__wrap___aeabi_cdcmple
                0x10003984       0x6c CMakeFiles/facp_izone.dir/C_/Program_Files/Raspberry_Pi/Pico_SDK_v1.5.1/pico-sdk/src/rp2_common/pico_double/double_aeabi.S.obj
                0x10003984                __wrap___aeabi_cdrcmple
                0x10003994                __wrap___aeabi_cdcmpeq
                0x10003994                __wrap___aeabi_cdcmple
 .text.__wrap___aeabi_dcmplt
                0x100039f0        0xc CMakeFiles/facp_izone.dir/C_/Program_Files/Raspberry_Pi/Pico_SDK_v1.5.1/pico-sdk/src/rp2_common/pico_double/double_aeabi.S.obj
                0x100039f0                __wrap___aeabi_dcmplt
 .text.__wrap___aeabi_dcmple
                0x100039fc       0x10 CMakeFiles/facp_izone.dir/C_/Program_Files/Raspberry_Pi/Pico_SDK_v1.5.1/pico-sdk/src/rp2_common/pico_double/double_aeabi.S.obj
                0x100039fc                __wrap___aeabi_dcmple
 .text.__wrap___aeabi_dcmpge
                0x10003a0c       0x10 CMakeFiles/facp_izone.dir/C_/Program_Files/Raspberry_Pi/Pico_SDK_v1.5.1/pico-sdk/src/rp2_common/pico_double/double_aeabi.S.obj
                0x10003a0c                __wrap___aeabi_dcmpge
 .text.__wrap___aeabi_dcmpgt
                0x10003a1c        0xa CMakeFiles/facp_izone.dir/C_/Program_Files/Raspberry_Pi/Pico_SDK_v1.5.1/pico-sdk/src/rp2_common/pico_double/double_aeabi.S.obj
                0x10003a1c                __wrap___aeabi_dcmpgt
 .text.__wrap___aeabi_dcmpun
                0x10003a26       0x1c CMakeFiles/facp_izone.dir/C_/Program_Files/Raspberry_Pi/Pico_SDK_v1.5.1/pico-sdk/src/rp2_common/pico_double/double_aeabi.S.obj
                0x10003a26                __wrap___aeabi_dcmpun
 *fill*         0x10003a42        0x2 
 .text.__wrap___aeabi_i2d
                0x10003a44       0x38 CMakeFiles/facp_izone.dir/C_/Program_Files/Raspberry_Pi/Pico_SDK_v1.5.1/pico-sdk/src/rp2_common/pico_double/double_aeabi.S.obj
                0x10003a44                __wrap___aeabi_ui2d
                0x10003a4c                __wrap___aeabi_i2d
 .text.__wrap___aeabi_d2iz
                0x10003a7c       0x48 CMakeFiles/facp_izone.dir/C_/Program_Files/Raspberry_Pi/Pico_SDK_v1.5.1/pico-sdk/src/rp2_common/pico_double/double_aeabi.S.obj
                0x10003a7c                double2int_z
                0x10003a7c                __wrap___aeabi_d2iz
 .text.__wrap___aeabi_d2uiz
                0x10003ac4       0x18 CMakeFiles/facp_izone.dir/C_/Program_Files/Raspberry_Pi/Pico_SDK_v1.5.1/pico-sdk/src/rp2_common/pico_double/double_aeabi.S.obj
                0x10003ac4                __wrap___aeabi_d2uiz
                0x10003ac4                double2uint
 .text.__aeabi_double_init
                0x10003adc       0x60 CMakeFiles/facp_izone.dir/C_/Program_Files/Raspberry_Pi/Pico_SDK_v1.5.1/pico-sdk/src/rp2_common/pico_double/double_init_rom.c.obj
                0x10003adc                __aeabi_double_init
 .text.double_table_shim_on_use_helper
                0x10003b3c       0x2c CMakeFiles/facp_izone.dir/C_/Program_Files/Raspberry_Pi/Pico_SDK_v1.5.1/pico-sdk/src/rp2_common/pico_double/double_v1_rom_shim.S.obj
                0x10003b3c                double_table_shim_on_use_helper
 .text.__wrap___aeabi_dsub
                0x10003b68       0x10 CMakeFiles/facp_izone.dir/C_/Program_Files/Raspberry_Pi/Pico_SDK_v1.5.1/pico-sdk/src/rp2_common/pico_double/double_v1_rom_shim.S.obj
                0x10003b68                drsub_shim
                0x10003b6e                dsub_shim
 .text.dadd_shim
                0x10003b78      0x15c CMakeFiles/facp_izone.dir/C_/Program_Files/Raspberry_Pi/Pico_SDK_v1.5.1/pico-sdk/src/rp2_common/pico_double/double_v1_rom_shim.S.obj
                0x10003b78                dadd_shim
 .text.dmul_shim
                0x10003cd4      0x15c CMakeFiles/facp_izone.dir/C_/Program_Files/Raspberry_Pi/Pico_SDK_v1.5.1/pico-sdk/src/rp2_common/pico_double/double_v1_rom_shim.S.obj
                0x10003cd4                dmul_shim
 .text.ddiv_shim
                0x10003e30      0x1b0 CMakeFiles/facp_izone.dir/C_/Program_Files/Raspberry_Pi/Pico_SDK_v1.5.1/pico-sdk/src/rp2_common/pico_double/double_v1_rom_shim.S.obj
                0x10003e30                ddiv_shim
 .text.double2uint_shim
                0x10003fe0        0xe CMakeFiles/facp_izone.dir/C_/Program_Files/Raspberry_Pi/Pico_SDK_v1.5.1/pico-sdk/src/rp2_common/pico_double/double_v1_rom_shim.S.obj
                0x10003fe0                double2uint_shim
                0x10003fe2                double2ufix_shim
 *fill*         0x10003fee        0x2 
 .text.double2uint64_shim
                0x10003ff0       0x70 CMakeFiles/facp_izone.dir/C_/Program_Files/Raspberry_Pi/Pico_SDK_v1.5.1/pico-sdk/src/rp2_common/pico_double/double_v1_rom_shim.S.obj
                0x10003ff0                double2uint64_shim
                0x10003ff2                double2ufix64_shim
                0x10004012                d2fix_a
 .text.dunpacks
                0x10004060       0x3c CMakeFiles/facp_izone.dir/C_/Program_Files/Raspberry_Pi/Pico_SDK_v1.5.1/pico-sdk/src/rp2_common/pico_double/double_v1_rom_shim.S.obj
                0x10004060                dunpacks
 .text.__aeabi_lmul
                0x1000409c       0x32 CMakeFiles/facp_izone.dir/C_/Program_Files/Raspberry_Pi/Pico_SDK_v1.5.1/pico-sdk/src/rp2_common/pico_int64_ops/pico_int64_ops_aeabi.S.obj
                0x1000409c                __wrap___aeabi_lmul
 *fill*         0x100040ce        0x2 
 .text.__aeabi_float_init
                0x100040d0       0x5c CMakeFiles/facp_izone.dir/C_/Program_Files/Raspberry_Pi/Pico_SDK_v1.5.1/pico-sdk/src/rp2_common/pico_float/float_init_rom.c.obj
                0x100040d0                __aeabi_float_init
 .text.float_table_shim_on_use_helper
                0x1000412c       0x2c CMakeFiles/facp_izone.dir/C_/Program_Files/Raspberry_Pi/Pico_SDK_v1.5.1/pico-sdk/src/rp2_common/pico_float/float_v1_rom_shim.S.obj
                0x1000412c                float_table_shim_on_use_helper
 .text          0x10004158       0x10 CMakeFiles/facp_izone.dir/C_/Program_Files/Raspberry_Pi/Pico_SDK_v1.5.1/pico-sdk/src/rp2_common/pico_mem_ops/mem_ops_aeabi.S.obj
                0x10004158                __aeabi_mem_init
 .text.memset   0x10004168        0xc CMakeFiles/facp_izone.dir/C_/Program_Files/Raspberry_Pi/Pico_SDK_v1.5.1/pico-sdk/src/rp2_common/pico_mem_ops/mem_ops_aeabi.S.obj
                0x10004168                __wrap_memset
 .text.memcpy   0x10004174        0xc CMakeFiles/facp_izone.dir/C_/Program_Files/Raspberry_Pi/Pico_SDK_v1.5.1/pico-sdk/src/rp2_common/pico_mem_ops/mem_ops_aeabi.S.obj
                0x10004174                __wrap_memcpy
                0x10004174                __wrap___aeabi_memcpy
 .text.stdio_out_chars_no_crlf
                0x10004180       0x10 CMakeFiles/facp_izone.dir/C_/Program_Files/Raspberry_Pi/Pico_SDK_v1.5.1/pico-sdk/src/rp2_common/pico_stdio/stdio.c.obj
 .text.stdio_out_chars_crlf.part.0
                0x10004190       0xa0 CMakeFiles/facp_izone.dir/C_/Program_Files/Raspberry_Pi/Pico_SDK_v1.5.1/pico-sdk/src/rp2_common/pico_stdio/stdio.c.obj
 .text.stdio_out_chars_crlf
                0x10004230       0x1c CMakeFiles/facp_izone.dir/C_/Program_Files/Raspberry_Pi/Pico_SDK_v1.5.1/pico-sdk/src/rp2_common/pico_stdio/stdio.c.obj
 .text.stdio_stack_buffer_flush.part.0
                0x1000424c       0x60 CMakeFiles/facp_izone.dir/C_/Program_Files/Raspberry_Pi/Pico_SDK_v1.5.1/pico-sdk/src/rp2_common/pico_stdio/stdio.c.obj
 .text.stdio_buffered_printer
                0x100042ac       0x20 CMakeFiles/facp_izone.dir/C_/Program_Files/Raspberry_Pi/Pico_SDK_v1.5.1/pico-sdk/src/rp2_common/pico_stdio/stdio.c.obj
 .text.stdio_put_string.isra.0
                0x100042cc       0xd8 CMakeFiles/facp_izone.dir/C_/Program_Files/Raspberry_Pi/Pico_SDK_v1.5.1/pico-sdk/src/rp2_common/pico_stdio/stdio.c.obj
 .text.__wrap_putchar
                0x100043a4       0x1c CMakeFiles/facp_izone.dir/C_/Program_Files/Raspberry_Pi/Pico_SDK_v1.5.1/pico-sdk/src/rp2_common/pico_stdio/stdio.c.obj
                0x100043a4                __wrap_putchar
 .text.__wrap_puts
                0x100043c0       0x34 CMakeFiles/facp_izone.dir/C_/Program_Files/Raspberry_Pi/Pico_SDK_v1.5.1/pico-sdk/src/rp2_common/pico_stdio/stdio.c.obj
                0x100043c0                __wrap_puts
 .text.stdio_set_driver_enabled
                0x100043f4       0x30 CMakeFiles/facp_izone.dir/C_/Program_Files/Raspberry_Pi/Pico_SDK_v1.5.1/pico-sdk/src/rp2_common/pico_stdio/stdio.c.obj
                0x100043f4                stdio_set_driver_enabled
 .text.__wrap_vprintf
                0x10004424       0x84 CMakeFiles/facp_izone.dir/C_/Program_Files/Raspberry_Pi/Pico_SDK_v1.5.1/pico-sdk/src/rp2_common/pico_stdio/stdio.c.obj
                0x10004424                __wrap_vprintf
 .text.__wrap_printf
                0x100044a8       0x18 CMakeFiles/facp_izone.dir/C_/Program_Files/Raspberry_Pi/Pico_SDK_v1.5.1/pico-sdk/src/rp2_common/pico_stdio/stdio.c.obj
                0x100044a8                __wrap_printf
 .text.stdio_init_all
                0x100044c0        0x8 CMakeFiles/facp_izone.dir/C_/Program_Files/Raspberry_Pi/Pico_SDK_v1.5.1/pico-sdk/src/rp2_common/pico_stdio/stdio.c.obj
                0x100044c0                stdio_init_all
 .text.resetd_init
                0x100044c8        0x4 CMakeFiles/facp_izone.dir/C_/Program_Files/Raspberry_Pi/Pico_SDK_v1.5.1/pico-sdk/src/rp2_common/pico_stdio_usb/reset_interface.c.obj
 .text.resetd_reset
                0x100044cc        0xc CMakeFiles/facp_izone.dir/C_/Program_Files/Raspberry_Pi/Pico_SDK_v1.5.1/pico-sdk/src/rp2_common/pico_stdio_usb/reset_interface.c.obj
 .text.resetd_open
                0x100044d8       0x28 CMakeFiles/facp_izone.dir/C_/Program_Files/Raspberry_Pi/Pico_SDK_v1.5.1/pico-sdk/src/rp2_common/pico_stdio_usb/reset_interface.c.obj
 .text.resetd_xfer_cb
                0x10004500        0x4 CMakeFiles/facp_izone.dir/C_/Program_Files/Raspberry_Pi/Pico_SDK_v1.5.1/pico-sdk/src/rp2_common/pico_stdio_usb/reset_interface.c.obj
 .text.resetd_control_xfer_cb
                0x10004504       0x64 CMakeFiles/facp_izone.dir/C_/Program_Files/Raspberry_Pi/Pico_SDK_v1.5.1/pico-sdk/src/rp2_common/pico_stdio_usb/reset_interface.c.obj
 .text.usbd_app_driver_get_cb
                0x10004568        0xc CMakeFiles/facp_izone.dir/C_/Program_Files/Raspberry_Pi/Pico_SDK_v1.5.1/pico-sdk/src/rp2_common/pico_stdio_usb/reset_interface.c.obj
                0x10004568                usbd_app_driver_get_cb
 .text.tud_cdc_line_coding_cb
                0x10004574       0x34 CMakeFiles/facp_izone.dir/C_/Program_Files/Raspberry_Pi/Pico_SDK_v1.5.1/pico-sdk/src/rp2_common/pico_stdio_usb/reset_interface.c.obj
                0x10004574                tud_cdc_line_coding_cb
 .text.stdio_usb_set_chars_available_callback
                0x100045a8       0x14 CMakeFiles/facp_izone.dir/C_/Program_Files/Raspberry_Pi/Pico_SDK_v1.5.1/pico-sdk/src/rp2_common/pico_stdio_usb/stdio_usb.c.obj
                0x100045a8                stdio_usb_set_chars_available_callback
 .text.usb_irq  0x100045bc       0x10 CMakeFiles/facp_izone.dir/C_/Program_Files/Raspberry_Pi/Pico_SDK_v1.5.1/pico-sdk/src/rp2_common/pico_stdio_usb/stdio_usb.c.obj
 .text.stdio_usb_in_chars
                0x100045cc       0x90 CMakeFiles/facp_izone.dir/C_/Program_Files/Raspberry_Pi/Pico_SDK_v1.5.1/pico-sdk/src/rp2_common/pico_stdio_usb/stdio_usb.c.obj
                0x100045cc                stdio_usb_in_chars
 .text.stdio_usb_out_chars
                0x1000465c      0x100 CMakeFiles/facp_izone.dir/C_/Program_Files/Raspberry_Pi/Pico_SDK_v1.5.1/pico-sdk/src/rp2_common/pico_stdio_usb/stdio_usb.c.obj
 .text.timer_task
                0x1000475c       0x54 CMakeFiles/facp_izone.dir/C_/Program_Files/Raspberry_Pi/Pico_SDK_v1.5.1/pico-sdk/src/rp2_common/pico_stdio_usb/stdio_usb.c.obj
 .text.low_priority_worker_irq
                0x100047b0       0xa8 CMakeFiles/facp_izone.dir/C_/Program_Files/Raspberry_Pi/Pico_SDK_v1.5.1/pico-sdk/src/rp2_common/pico_stdio_usb/stdio_usb.c.obj
 .text.tud_cdc_rx_cb
                0x10004858       0x20 CMakeFiles/facp_izone.dir/C_/Program_Files/Raspberry_Pi/Pico_SDK_v1.5.1/pico-sdk/src/rp2_common/pico_stdio_usb/stdio_usb.c.obj
                0x10004858                tud_cdc_rx_cb
 .text.stdio_usb_init
                0x10004878       0xdc CMakeFiles/facp_izone.dir/C_/Program_Files/Raspberry_Pi/Pico_SDK_v1.5.1/pico-sdk/src/rp2_common/pico_stdio_usb/stdio_usb.c.obj
                0x10004878                stdio_usb_init
 .text.tud_descriptor_device_cb
                0x10004954        0x8 CMakeFiles/facp_izone.dir/C_/Program_Files/Raspberry_Pi/Pico_SDK_v1.5.1/pico-sdk/src/rp2_common/pico_stdio_usb/stdio_usb_descriptors.c.obj
                0x10004954                tud_descriptor_device_cb
 .text.tud_descriptor_configuration_cb
                0x1000495c        0x8 CMakeFiles/facp_izone.dir/C_/Program_Files/Raspberry_Pi/Pico_SDK_v1.5.1/pico-sdk/src/rp2_common/pico_stdio_usb/stdio_usb_descriptors.c.obj
                0x1000495c                tud_descriptor_configuration_cb
 .text.tud_descriptor_string_cb
                0x10004964       0x74 CMakeFiles/facp_izone.dir/C_/Program_Files/Raspberry_Pi/Pico_SDK_v1.5.1/pico-sdk/src/rp2_common/pico_stdio_usb/stdio_usb_descriptors.c.obj
                0x10004964                tud_descriptor_string_cb
 .text.startup._retrieve_unique_id_on_boot
                0x100049d8       0x10 CMakeFiles/facp_izone.dir/C_/Program_Files/Raspberry_Pi/Pico_SDK_v1.5.1/pico-sdk/src/rp2_common/pico_unique_id/unique_id.c.obj
 .text.pico_get_unique_board_id_string
                0x100049e8       0x44 CMakeFiles/facp_izone.dir/C_/Program_Files/Raspberry_Pi/Pico_SDK_v1.5.1/pico-sdk/src/rp2_common/pico_unique_id/unique_id.c.obj
                0x100049e8                pico_get_unique_board_id_string
 .text.flash_get_unique_id
                0x10004a2c       0x40 CMakeFiles/facp_izone.dir/C_/Program_Files/Raspberry_Pi/Pico_SDK_v1.5.1/pico-sdk/src/rp2_common/hardware_flash/flash.c.obj
                0x10004a2c                flash_get_unique_id
 .text.dcd_int_enable
                0x10004a6c        0xc CMakeFiles/facp_izone.dir/C_/Program_Files/Raspberry_Pi/Pico_SDK_v1.5.1/pico-sdk/lib/tinyusb/src/portable/raspberrypi/rp2040/dcd_rp2040.c.obj
                0x10004a6c                dcd_int_enable
 .text.dcd_set_address
                0x10004a78       0x14 CMakeFiles/facp_izone.dir/C_/Program_Files/Raspberry_Pi/Pico_SDK_v1.5.1/pico-sdk/lib/tinyusb/src/portable/raspberrypi/rp2040/dcd_rp2040.c.obj
                0x10004a78                dcd_set_address
 .text.dcd_connect
                0x10004a8c       0x10 CMakeFiles/facp_izone.dir/C_/Program_Files/Raspberry_Pi/Pico_SDK_v1.5.1/pico-sdk/lib/tinyusb/src/portable/raspberrypi/rp2040/dcd_rp2040.c.obj
                0x10004a8c                dcd_connect
 .text.dcd_init
                0x10004a9c       0x98 CMakeFiles/facp_izone.dir/C_/Program_Files/Raspberry_Pi/Pico_SDK_v1.5.1/pico-sdk/lib/tinyusb/src/portable/raspberrypi/rp2040/dcd_rp2040.c.obj
                0x10004a9c                dcd_init
 .text.dcd_edpt0_status_complete
                0x10004b34       0x1c CMakeFiles/facp_izone.dir/C_/Program_Files/Raspberry_Pi/Pico_SDK_v1.5.1/pico-sdk/lib/tinyusb/src/portable/raspberrypi/rp2040/dcd_rp2040.c.obj
                0x10004b34                dcd_edpt0_status_complete
 .text.dcd_edpt_open
                0x10004b50      0x108 CMakeFiles/facp_izone.dir/C_/Program_Files/Raspberry_Pi/Pico_SDK_v1.5.1/pico-sdk/lib/tinyusb/src/portable/raspberrypi/rp2040/dcd_rp2040.c.obj
                0x10004b50                dcd_edpt_open
 .text.dcd_edpt_close_all
                0x10004c58        0x8 CMakeFiles/facp_izone.dir/C_/Program_Files/Raspberry_Pi/Pico_SDK_v1.5.1/pico-sdk/lib/tinyusb/src/portable/raspberrypi/rp2040/dcd_rp2040.c.obj
                0x10004c58                dcd_edpt_close_all
 .text.dcd_edpt_xfer
                0x10004c60       0x24 CMakeFiles/facp_izone.dir/C_/Program_Files/Raspberry_Pi/Pico_SDK_v1.5.1/pico-sdk/lib/tinyusb/src/portable/raspberrypi/rp2040/dcd_rp2040.c.obj
                0x10004c60                dcd_edpt_xfer
 .text.dcd_edpt_stall
                0x10004c84       0x38 CMakeFiles/facp_izone.dir/C_/Program_Files/Raspberry_Pi/Pico_SDK_v1.5.1/pico-sdk/lib/tinyusb/src/portable/raspberrypi/rp2040/dcd_rp2040.c.obj
                0x10004c84                dcd_edpt_stall
 .text.dcd_edpt_clear_stall
                0x10004cbc       0x30 CMakeFiles/facp_izone.dir/C_/Program_Files/Raspberry_Pi/Pico_SDK_v1.5.1/pico-sdk/lib/tinyusb/src/portable/raspberrypi/rp2040/dcd_rp2040.c.obj
                0x10004cbc                dcd_edpt_clear_stall
 .text.rp2040_usb_init
                0x10004cec       0x4c CMakeFiles/facp_izone.dir/C_/Program_Files/Raspberry_Pi/Pico_SDK_v1.5.1/pico-sdk/lib/tinyusb/src/portable/raspberrypi/rp2040/rp2040_usb.c.obj
                0x10004cec                rp2040_usb_init
 .text.hw_endpoint_xfer_start
                0x10004d38       0x50 CMakeFiles/facp_izone.dir/C_/Program_Files/Raspberry_Pi/Pico_SDK_v1.5.1/pico-sdk/lib/tinyusb/src/portable/raspberrypi/rp2040/rp2040_usb.c.obj
                0x10004d38                hw_endpoint_xfer_start
 .text.configuration_reset
                0x10004d88       0x94 CMakeFiles/facp_izone.dir/C_/Program_Files/Raspberry_Pi/Pico_SDK_v1.5.1/pico-sdk/lib/tinyusb/src/device/usbd.c.obj
 .text.tud_mounted
                0x10004e1c       0x10 CMakeFiles/facp_izone.dir/C_/Program_Files/Raspberry_Pi/Pico_SDK_v1.5.1/pico-sdk/lib/tinyusb/src/device/usbd.c.obj
                0x10004e1c                tud_mounted
 .text.tud_suspended
                0x10004e2c       0x10 CMakeFiles/facp_izone.dir/C_/Program_Files/Raspberry_Pi/Pico_SDK_v1.5.1/pico-sdk/lib/tinyusb/src/device/usbd.c.obj
                0x10004e2c                tud_suspended
 .text.tud_inited
                0x10004e3c       0x14 CMakeFiles/facp_izone.dir/C_/Program_Files/Raspberry_Pi/Pico_SDK_v1.5.1/pico-sdk/lib/tinyusb/src/device/usbd.c.obj
                0x10004e3c                tud_inited
 .text.tud_init
                0x10004e50       0xe4 CMakeFiles/facp_izone.dir/C_/Program_Files/Raspberry_Pi/Pico_SDK_v1.5.1/pico-sdk/lib/tinyusb/src/device/usbd.c.obj
                0x10004e50                tud_init
 .text.tud_task_ext
                0x10004f34      0x720 CMakeFiles/facp_izone.dir/C_/Program_Files/Raspberry_Pi/Pico_SDK_v1.5.1/pico-sdk/lib/tinyusb/src/device/usbd.c.obj
                0x10004f34                tud_task_ext
 .text.usbd_open_edpt_pair
                0x10005654       0x9c CMakeFiles/facp_izone.dir/C_/Program_Files/Raspberry_Pi/Pico_SDK_v1.5.1/pico-sdk/lib/tinyusb/src/device/usbd.c.obj
                0x10005654                usbd_open_edpt_pair
 .text.usbd_defer_func
                0x100056f0       0x48 CMakeFiles/facp_izone.dir/C_/Program_Files/Raspberry_Pi/Pico_SDK_v1.5.1/pico-sdk/lib/tinyusb/src/device/usbd.c.obj
                0x100056f0                usbd_defer_func
 .text.usbd_edpt_open
                0x10005738       0x34 CMakeFiles/facp_izone.dir/C_/Program_Files/Raspberry_Pi/Pico_SDK_v1.5.1/pico-sdk/lib/tinyusb/src/device/usbd.c.obj
                0x10005738                usbd_edpt_open
 .text.usbd_edpt_claim
                0x1000576c       0x28 CMakeFiles/facp_izone.dir/C_/Program_Files/Raspberry_Pi/Pico_SDK_v1.5.1/pico-sdk/lib/tinyusb/src/device/usbd.c.obj
                0x1000576c                usbd_edpt_claim
 .text.usbd_edpt_release
                0x10005794       0x28 CMakeFiles/facp_izone.dir/C_/Program_Files/Raspberry_Pi/Pico_SDK_v1.5.1/pico-sdk/lib/tinyusb/src/device/usbd.c.obj
                0x10005794                usbd_edpt_release
 .text.usbd_edpt_xfer
                0x100057bc       0x4c CMakeFiles/facp_izone.dir/C_/Program_Files/Raspberry_Pi/Pico_SDK_v1.5.1/pico-sdk/lib/tinyusb/src/device/usbd.c.obj
                0x100057bc                usbd_edpt_xfer
 .text._data_stage_xact
                0x10005808       0x54 CMakeFiles/facp_izone.dir/C_/Program_Files/Raspberry_Pi/Pico_SDK_v1.5.1/pico-sdk/lib/tinyusb/src/device/usbd_control.c.obj
 .text.tud_control_status
                0x1000585c       0x30 CMakeFiles/facp_izone.dir/C_/Program_Files/Raspberry_Pi/Pico_SDK_v1.5.1/pico-sdk/lib/tinyusb/src/device/usbd_control.c.obj
                0x1000585c                tud_control_status
 .text.tud_control_xfer
                0x1000588c       0x70 CMakeFiles/facp_izone.dir/C_/Program_Files/Raspberry_Pi/Pico_SDK_v1.5.1/pico-sdk/lib/tinyusb/src/device/usbd_control.c.obj
                0x1000588c                tud_control_xfer
 .text.usbd_control_reset
                0x100058fc       0x14 CMakeFiles/facp_izone.dir/C_/Program_Files/Raspberry_Pi/Pico_SDK_v1.5.1/pico-sdk/lib/tinyusb/src/device/usbd_control.c.obj
                0x100058fc                usbd_control_reset
 .text.usbd_control_set_complete_callback
                0x10005910        0xc CMakeFiles/facp_izone.dir/C_/Program_Files/Raspberry_Pi/Pico_SDK_v1.5.1/pico-sdk/lib/tinyusb/src/device/usbd_control.c.obj
                0x10005910                usbd_control_set_complete_callback
 .text.usbd_control_set_request
                0x1000591c       0x1c CMakeFiles/facp_izone.dir/C_/Program_Files/Raspberry_Pi/Pico_SDK_v1.5.1/pico-sdk/lib/tinyusb/src/device/usbd_control.c.obj
                0x1000591c                usbd_control_set_request
 .text.usbd_control_xfer_cb
                0x10005938       0xc0 CMakeFiles/facp_izone.dir/C_/Program_Files/Raspberry_Pi/Pico_SDK_v1.5.1/pico-sdk/lib/tinyusb/src/device/usbd_control.c.obj
                0x10005938                usbd_control_xfer_cb
 .text._prep_out_transaction.isra.0
                0x100059f8       0x48 CMakeFiles/facp_izone.dir/C_/Program_Files/Raspberry_Pi/Pico_SDK_v1.5.1/pico-sdk/lib/tinyusb/src/class/cdc/cdc_device.c.obj
 .text.tud_cdc_n_connected
                0x10005a40       0x30 CMakeFiles/facp_izone.dir/C_/Program_Files/Raspberry_Pi/Pico_SDK_v1.5.1/pico-sdk/lib/tinyusb/src/class/cdc/cdc_device.c.obj
                0x10005a40                tud_cdc_n_connected
 .text.tud_cdc_n_available
                0x10005a70       0x18 CMakeFiles/facp_izone.dir/C_/Program_Files/Raspberry_Pi/Pico_SDK_v1.5.1/pico-sdk/lib/tinyusb/src/class/cdc/cdc_device.c.obj
                0x10005a70                tud_cdc_n_available
 .text.tud_cdc_n_read
                0x10005a88       0x28 CMakeFiles/facp_izone.dir/C_/Program_Files/Raspberry_Pi/Pico_SDK_v1.5.1/pico-sdk/lib/tinyusb/src/class/cdc/cdc_device.c.obj
                0x10005a88                tud_cdc_n_read
 .text.tud_cdc_n_write_flush
                0x10005ab0       0x78 CMakeFiles/facp_izone.dir/C_/Program_Files/Raspberry_Pi/Pico_SDK_v1.5.1/pico-sdk/lib/tinyusb/src/class/cdc/cdc_device.c.obj
                0x10005ab0                tud_cdc_n_write_flush
 .text.tud_cdc_n_write
                0x10005b28       0x34 CMakeFiles/facp_izone.dir/C_/Program_Files/Raspberry_Pi/Pico_SDK_v1.5.1/pico-sdk/lib/tinyusb/src/class/cdc/cdc_device.c.obj
                0x10005b28                tud_cdc_n_write
 .text.tud_cdc_n_write_available
                0x10005b5c       0x18 CMakeFiles/facp_izone.dir/C_/Program_Files/Raspberry_Pi/Pico_SDK_v1.5.1/pico-sdk/lib/tinyusb/src/class/cdc/cdc_device.c.obj
                0x10005b5c                tud_cdc_n_write_available
 .text.cdcd_init
                0x10005b74       0x7c CMakeFiles/facp_izone.dir/C_/Program_Files/Raspberry_Pi/Pico_SDK_v1.5.1/pico-sdk/lib/tinyusb/src/class/cdc/cdc_device.c.obj
                0x10005b74                cdcd_init
 .text.cdcd_reset
                0x10005bf0       0x2c CMakeFiles/facp_izone.dir/C_/Program_Files/Raspberry_Pi/Pico_SDK_v1.5.1/pico-sdk/lib/tinyusb/src/class/cdc/cdc_device.c.obj
                0x10005bf0                cdcd_reset
 .text.cdcd_open
                0x10005c1c       0xb4 CMakeFiles/facp_izone.dir/C_/Program_Files/Raspberry_Pi/Pico_SDK_v1.5.1/pico-sdk/lib/tinyusb/src/class/cdc/cdc_device.c.obj
                0x10005c1c                cdcd_open
 .text.cdcd_control_xfer_cb
                0x10005cd0       0xe4 CMakeFiles/facp_izone.dir/C_/Program_Files/Raspberry_Pi/Pico_SDK_v1.5.1/pico-sdk/lib/tinyusb/src/class/cdc/cdc_device.c.obj
                0x10005cd0                cdcd_control_xfer_cb
 .text.cdcd_xfer_cb
                0x10005db4       0xfc CMakeFiles/facp_izone.dir/C_/Program_Files/Raspberry_Pi/Pico_SDK_v1.5.1/pico-sdk/lib/tinyusb/src/class/cdc/cdc_device.c.obj
                0x10005db4                cdcd_xfer_cb
 .text.tusb_init
                0x10005eb0        0xc CMakeFiles/facp_izone.dir/C_/Program_Files/Raspberry_Pi/Pico_SDK_v1.5.1/pico-sdk/lib/tinyusb/src/tusb.c.obj
                0x10005eb0                tusb_init
 .text.tusb_inited
                0x10005ebc        0x8 CMakeFiles/facp_izone.dir/C_/Program_Files/Raspberry_Pi/Pico_SDK_v1.5.1/pico-sdk/lib/tinyusb/src/tusb.c.obj
                0x10005ebc                tusb_inited
 .text.tu_edpt_claim
                0x10005ec4       0x50 CMakeFiles/facp_izone.dir/C_/Program_Files/Raspberry_Pi/Pico_SDK_v1.5.1/pico-sdk/lib/tinyusb/src/tusb.c.obj
                0x10005ec4                tu_edpt_claim
 .text.tu_edpt_release
                0x10005f14       0x38 CMakeFiles/facp_izone.dir/C_/Program_Files/Raspberry_Pi/Pico_SDK_v1.5.1/pico-sdk/lib/tinyusb/src/tusb.c.obj
                0x10005f14                tu_edpt_release
 .text.tu_edpt_validate
                0x10005f4c       0x78 CMakeFiles/facp_izone.dir/C_/Program_Files/Raspberry_Pi/Pico_SDK_v1.5.1/pico-sdk/lib/tinyusb/src/tusb.c.obj
                0x10005f4c                tu_edpt_validate
 .text.tu_edpt_bind_driver
                0x10005fc4       0x28 CMakeFiles/facp_izone.dir/C_/Program_Files/Raspberry_Pi/Pico_SDK_v1.5.1/pico-sdk/lib/tinyusb/src/tusb.c.obj
                0x10005fc4                tu_edpt_bind_driver
 .text._tu_fifo_peek
                0x10005fec       0x5c CMakeFiles/facp_izone.dir/C_/Program_Files/Raspberry_Pi/Pico_SDK_v1.5.1/pico-sdk/lib/tinyusb/src/common/tusb_fifo.c.obj
 .text._tu_fifo_peek_n
                0x10006048      0x200 CMakeFiles/facp_izone.dir/C_/Program_Files/Raspberry_Pi/Pico_SDK_v1.5.1/pico-sdk/lib/tinyusb/src/common/tusb_fifo.c.obj
 .text._tu_fifo_write_n.part.0
                0x10006248      0x2b4 CMakeFiles/facp_izone.dir/C_/Program_Files/Raspberry_Pi/Pico_SDK_v1.5.1/pico-sdk/lib/tinyusb/src/common/tusb_fifo.c.obj
 .text.tu_fifo_config
                0x100064fc       0x70 CMakeFiles/facp_izone.dir/C_/Program_Files/Raspberry_Pi/Pico_SDK_v1.5.1/pico-sdk/lib/tinyusb/src/common/tusb_fifo.c.obj
                0x100064fc                tu_fifo_config
 .text.tu_fifo_count
                0x1000656c       0x2c CMakeFiles/facp_izone.dir/C_/Program_Files/Raspberry_Pi/Pico_SDK_v1.5.1/pico-sdk/lib/tinyusb/src/common/tusb_fifo.c.obj
                0x1000656c                tu_fifo_count
 .text.tu_fifo_empty
                0x10006598       0x10 CMakeFiles/facp_izone.dir/C_/Program_Files/Raspberry_Pi/Pico_SDK_v1.5.1/pico-sdk/lib/tinyusb/src/common/tusb_fifo.c.obj
                0x10006598                tu_fifo_empty
 .text.tu_fifo_remaining
                0x100065a8       0x2c CMakeFiles/facp_izone.dir/C_/Program_Files/Raspberry_Pi/Pico_SDK_v1.5.1/pico-sdk/lib/tinyusb/src/common/tusb_fifo.c.obj
                0x100065a8                tu_fifo_remaining
 .text.tu_fifo_read
                0x100065d4       0x50 CMakeFiles/facp_izone.dir/C_/Program_Files/Raspberry_Pi/Pico_SDK_v1.5.1/pico-sdk/lib/tinyusb/src/common/tusb_fifo.c.obj
                0x100065d4                tu_fifo_read
 .text.tu_fifo_read_n
                0x10006624       0x5c CMakeFiles/facp_izone.dir/C_/Program_Files/Raspberry_Pi/Pico_SDK_v1.5.1/pico-sdk/lib/tinyusb/src/common/tusb_fifo.c.obj
                0x10006624                tu_fifo_read_n
 .text.tu_fifo_write
                0x10006680       0x88 CMakeFiles/facp_izone.dir/C_/Program_Files/Raspberry_Pi/Pico_SDK_v1.5.1/pico-sdk/lib/tinyusb/src/common/tusb_fifo.c.obj
                0x10006680                tu_fifo_write
 .text.tu_fifo_write_n
                0x10006708       0x14 CMakeFiles/facp_izone.dir/C_/Program_Files/Raspberry_Pi/Pico_SDK_v1.5.1/pico-sdk/lib/tinyusb/src/common/tusb_fifo.c.obj
                0x10006708                tu_fifo_write_n
 .text.tu_fifo_clear
                0x1000671c       0x40 CMakeFiles/facp_izone.dir/C_/Program_Files/Raspberry_Pi/Pico_SDK_v1.5.1/pico-sdk/lib/tinyusb/src/common/tusb_fifo.c.obj
                0x1000671c                tu_fifo_clear
 .text.tu_fifo_set_overwritable
                0x1000675c       0x48 CMakeFiles/facp_izone.dir/C_/Program_Files/Raspberry_Pi/Pico_SDK_v1.5.1/pico-sdk/lib/tinyusb/src/common/tusb_fifo.c.obj
                0x1000675c                tu_fifo_set_overwritable
 .text.core1_trampoline
                0x100067a4        0x4 CMakeFiles/facp_izone.dir/C_/Program_Files/Raspberry_Pi/Pico_SDK_v1.5.1/pico-sdk/src/rp2_common/pico_multicore/multicore.c.obj
 .text.core1_wrapper
                0x100067a8        0xc CMakeFiles/facp_izone.dir/C_/Program_Files/Raspberry_Pi/Pico_SDK_v1.5.1/pico-sdk/src/rp2_common/pico_multicore/multicore.c.obj
                0x100067a8                core1_wrapper
 .text.multicore_reset_core1
                0x100067b4       0x24 CMakeFiles/facp_izone.dir/C_/Program_Files/Raspberry_Pi/Pico_SDK_v1.5.1/pico-sdk/src/rp2_common/pico_multicore/multicore.c.obj
                0x100067b4                multicore_reset_core1
 .text.multicore_launch_core1_raw
                0x100067d8       0x80 CMakeFiles/facp_izone.dir/C_/Program_Files/Raspberry_Pi/Pico_SDK_v1.5.1/pico-sdk/src/rp2_common/pico_multicore/multicore.c.obj
                0x100067d8                multicore_launch_core1_raw
 .text.multicore_launch_core1
                0x10006858       0x4c CMakeFiles/facp_izone.dir/C_/Program_Files/Raspberry_Pi/Pico_SDK_v1.5.1/pico-sdk/src/rp2_common/pico_multicore/multicore.c.obj
                0x10006858                multicore_launch_core1
 .text.vPortSVCHandler
                0x100068a4        0x4 CMakeFiles/facp_izone.dir/lib/FreeRTOS-Kernel/portable/ThirdParty/GCC/RP2040/port.c.obj
                0x100068a4                vPortSVCHandler
 *fill*         0x100068a8        0x8 
 .text.vPortStartFirstTask
                0x100068b0       0x38 CMakeFiles/facp_izone.dir/lib/FreeRTOS-Kernel/portable/ThirdParty/GCC/RP2040/port.c.obj
 .text.prvFIFOInterruptHandler
                0x100068e8       0x2c CMakeFiles/facp_izone.dir/lib/FreeRTOS-Kernel/portable/ThirdParty/GCC/RP2040/port.c.obj
 *fill*         0x10006914        0xc 
 .text.xPortPendSVHandler
                0x10006920       0x78 CMakeFiles/facp_izone.dir/lib/FreeRTOS-Kernel/portable/ThirdParty/GCC/RP2040/port.c.obj
                0x10006920                xPortPendSVHandler
 .text.prvTaskExitError
                0x10006998        0x8 CMakeFiles/facp_izone.dir/lib/FreeRTOS-Kernel/portable/ThirdParty/GCC/RP2040/port.c.obj
 .text.xPortSysTickHandler
                0x100069a0       0x24 CMakeFiles/facp_izone.dir/lib/FreeRTOS-Kernel/portable/ThirdParty/GCC/RP2040/port.c.obj
                0x100069a0                xPortSysTickHandler
 .text.pxPortInitialiseStack
                0x100069c4       0x20 CMakeFiles/facp_izone.dir/lib/FreeRTOS-Kernel/portable/ThirdParty/GCC/RP2040/port.c.obj
                0x100069c4                pxPortInitialiseStack
 .text.vPortYield
                0x100069e4       0x18 CMakeFiles/facp_izone.dir/lib/FreeRTOS-Kernel/portable/ThirdParty/GCC/RP2040/port.c.obj
                0x100069e4                vPortYield
 .text.ulSetInterruptMaskFromISR
                0x100069fc        0x8 CMakeFiles/facp_izone.dir/lib/FreeRTOS-Kernel/portable/ThirdParty/GCC/RP2040/port.c.obj
                0x100069fc                ulSetInterruptMaskFromISR
 .text.vClearInterruptMaskFromISR
                0x10006a04        0x8 CMakeFiles/facp_izone.dir/lib/FreeRTOS-Kernel/portable/ThirdParty/GCC/RP2040/port.c.obj
                0x10006a04                vClearInterruptMaskFromISR
 .text.vYieldCore
                0x10006a0c       0x14 CMakeFiles/facp_izone.dir/lib/FreeRTOS-Kernel/portable/ThirdParty/GCC/RP2040/port.c.obj
                0x10006a0c                vYieldCore
 .text.xPortStartSchedulerOnCore.isra.0
                0x10006a20       0xac CMakeFiles/facp_izone.dir/lib/FreeRTOS-Kernel/portable/ThirdParty/GCC/RP2040/port.c.obj
 .text.prvDisableInterruptsAndPortStartSchedulerOnCore
                0x10006acc        0x8 CMakeFiles/facp_izone.dir/lib/FreeRTOS-Kernel/portable/ThirdParty/GCC/RP2040/port.c.obj
 .text.xPortStartScheduler
                0x10006ad4       0x44 CMakeFiles/facp_izone.dir/lib/FreeRTOS-Kernel/portable/ThirdParty/GCC/RP2040/port.c.obj
                0x10006ad4                xPortStartScheduler
 .text.ulPortLockGetCurrentOwnerId
                0x10006b18       0x30 CMakeFiles/facp_izone.dir/lib/FreeRTOS-Kernel/portable/ThirdParty/GCC/RP2040/port.c.obj
                0x10006b18                ulPortLockGetCurrentOwnerId
 .text.vPortLockInternalSpinUnlockWithWait
                0x10006b48       0x78 CMakeFiles/facp_izone.dir/lib/FreeRTOS-Kernel/portable/ThirdParty/GCC/RP2040/port.c.obj
                0x10006b48                vPortLockInternalSpinUnlockWithWait
 .text.vPortLockInternalSpinUnlockWithNotify
                0x10006bc0       0x88 CMakeFiles/facp_izone.dir/lib/FreeRTOS-Kernel/portable/ThirdParty/GCC/RP2040/port.c.obj
                0x10006bc0                vPortLockInternalSpinUnlockWithNotify
 .text.xPortLockInternalSpinUnlockWithBestEffortWaitOrTimeout
                0x10006c48      0x100 CMakeFiles/facp_izone.dir/lib/FreeRTOS-Kernel/portable/ThirdParty/GCC/RP2040/port.c.obj
                0x10006c48                xPortLockInternalSpinUnlockWithBestEffortWaitOrTimeout
 .text.startup.prvRuntimeInitializer
                0x10006d48       0x18 CMakeFiles/facp_izone.dir/lib/FreeRTOS-Kernel/portable/ThirdParty/GCC/RP2040/port.c.obj
 .text.xEventGroupSetBits.part.0
                0x10006d60       0x90 CMakeFiles/facp_izone.dir/lib/FreeRTOS-Kernel/event_groups.c.obj
 .text.vEventGroupSetBitsCallback
                0x10006df0       0x18 CMakeFiles/facp_izone.dir/lib/FreeRTOS-Kernel/event_groups.c.obj
                0x10006df0                vEventGroupSetBitsCallback
 .text.xEventGroupCreateStatic
                0x10006e08       0x30 CMakeFiles/facp_izone.dir/lib/FreeRTOS-Kernel/event_groups.c.obj
                0x10006e08                xEventGroupCreateStatic
 .text.xEventGroupWaitBits
                0x10006e38       0xec CMakeFiles/facp_izone.dir/lib/FreeRTOS-Kernel/event_groups.c.obj
                0x10006e38                xEventGroupWaitBits
 .text.xEventGroupSetBits
                0x10006f24       0x18 CMakeFiles/facp_izone.dir/lib/FreeRTOS-Kernel/event_groups.c.obj
                0x10006f24                xEventGroupSetBits
 .text.xEventGroupSetBitsFromISR
                0x10006f3c       0x14 CMakeFiles/facp_izone.dir/lib/FreeRTOS-Kernel/event_groups.c.obj
                0x10006f3c                xEventGroupSetBitsFromISR
 .text.vListInitialise
                0x10006f50       0x18 CMakeFiles/facp_izone.dir/lib/FreeRTOS-Kernel/list.c.obj
                0x10006f50                vListInitialise
 .text.vListInitialiseItem
                0x10006f68        0x8 CMakeFiles/facp_izone.dir/lib/FreeRTOS-Kernel/list.c.obj
                0x10006f68                vListInitialiseItem
 .text.vListInsertEnd
                0x10006f70       0x18 CMakeFiles/facp_izone.dir/lib/FreeRTOS-Kernel/list.c.obj
                0x10006f70                vListInsertEnd
 .text.vListInsert
                0x10006f88       0x30 CMakeFiles/facp_izone.dir/lib/FreeRTOS-Kernel/list.c.obj
                0x10006f88                vListInsert
 .text.uxListRemove
                0x10006fb8       0x20 CMakeFiles/facp_izone.dir/lib/FreeRTOS-Kernel/list.c.obj
                0x10006fb8                uxListRemove
 .text.prvCopyDataToQueue
                0x10006fd8       0x60 CMakeFiles/facp_izone.dir/lib/FreeRTOS-Kernel/queue.c.obj
 .text.prvUnlockQueue
                0x10007038       0x94 CMakeFiles/facp_izone.dir/lib/FreeRTOS-Kernel/queue.c.obj
 .text.xQueueGenericReset
                0x100070cc       0xa0 CMakeFiles/facp_izone.dir/lib/FreeRTOS-Kernel/queue.c.obj
                0x100070cc                xQueueGenericReset
 .text.xQueueGenericCreateStatic
                0x1000716c       0x6c CMakeFiles/facp_izone.dir/lib/FreeRTOS-Kernel/queue.c.obj
                0x1000716c                xQueueGenericCreateStatic
 .text.xQueueGenericSendFromISR
                0x100071d8       0xbc CMakeFiles/facp_izone.dir/lib/FreeRTOS-Kernel/queue.c.obj
                0x100071d8                xQueueGenericSendFromISR
 .text.xQueueReceive
                0x10007294      0x148 CMakeFiles/facp_izone.dir/lib/FreeRTOS-Kernel/queue.c.obj
                0x10007294                xQueueReceive
 .text.vQueueWaitForMessageRestricted
                0x100073dc       0x48 CMakeFiles/facp_izone.dir/lib/FreeRTOS-Kernel/queue.c.obj
                0x100073dc                vQueueWaitForMessageRestricted
 .text.prvPassiveIdleTask
                0x10007424       0x18 CMakeFiles/facp_izone.dir/lib/FreeRTOS-Kernel/tasks.c.obj
 .text.prvYieldForTask
                0x1000743c      0x15c CMakeFiles/facp_izone.dir/lib/FreeRTOS-Kernel/tasks.c.obj
 .text.prvAddCurrentTaskToDelayedList
                0x10007598      0x12c CMakeFiles/facp_izone.dir/lib/FreeRTOS-Kernel/tasks.c.obj
 .text.prvInitialiseNewTask.constprop.0
                0x100076c4       0xb0 CMakeFiles/facp_izone.dir/lib/FreeRTOS-Kernel/tasks.c.obj
 .text.prvCreateTask
                0x10007774       0x60 CMakeFiles/facp_izone.dir/lib/FreeRTOS-Kernel/tasks.c.obj
 .text.xTaskIncrementTick.part.0
                0x100077d4      0x1dc CMakeFiles/facp_izone.dir/lib/FreeRTOS-Kernel/tasks.c.obj
 .text.prvCheckForRunStateChange
                0x100079b0      0x1b0 CMakeFiles/facp_izone.dir/lib/FreeRTOS-Kernel/tasks.c.obj
 .text.vTaskSuspendAll.part.0
                0x10007b60      0x104 CMakeFiles/facp_izone.dir/lib/FreeRTOS-Kernel/tasks.c.obj
 .text.vTaskSuspendAll
                0x10007c64       0x14 CMakeFiles/facp_izone.dir/lib/FreeRTOS-Kernel/tasks.c.obj
                0x10007c64                vTaskSuspendAll
 .text.xTaskGetTickCount
                0x10007c78        0xc CMakeFiles/facp_izone.dir/lib/FreeRTOS-Kernel/tasks.c.obj
                0x10007c78                xTaskGetTickCount
 .text.uxTaskGetNumberOfTasks
                0x10007c84        0xc CMakeFiles/facp_izone.dir/lib/FreeRTOS-Kernel/tasks.c.obj
                0x10007c84                uxTaskGetNumberOfTasks
 .text.xTaskIncrementTick
                0x10007c90       0x24 CMakeFiles/facp_izone.dir/lib/FreeRTOS-Kernel/tasks.c.obj
                0x10007c90                xTaskIncrementTick
 .text.vTaskSwitchContext
                0x10007cb4      0x504 CMakeFiles/facp_izone.dir/lib/FreeRTOS-Kernel/tasks.c.obj
                0x10007cb4                vTaskSwitchContext
 .text.vTaskPlaceOnEventList
                0x100081b8       0x38 CMakeFiles/facp_izone.dir/lib/FreeRTOS-Kernel/tasks.c.obj
                0x100081b8                vTaskPlaceOnEventList
 .text.vTaskPlaceOnUnorderedEventList
                0x100081f0       0xb0 CMakeFiles/facp_izone.dir/lib/FreeRTOS-Kernel/tasks.c.obj
                0x100081f0                vTaskPlaceOnUnorderedEventList
 .text.vTaskPlaceOnEventListRestricted
                0x100082a0       0x94 CMakeFiles/facp_izone.dir/lib/FreeRTOS-Kernel/tasks.c.obj
                0x100082a0                vTaskPlaceOnEventListRestricted
 .text.xTaskRemoveFromEventList
                0x10008334       0xc8 CMakeFiles/facp_izone.dir/lib/FreeRTOS-Kernel/tasks.c.obj
                0x10008334                xTaskRemoveFromEventList
 .text.vTaskInternalSetTimeOutState
                0x100083fc       0x18 CMakeFiles/facp_izone.dir/lib/FreeRTOS-Kernel/tasks.c.obj
                0x100083fc                vTaskInternalSetTimeOutState
 .text.vTaskMissedYield
                0x10008414       0x14 CMakeFiles/facp_izone.dir/lib/FreeRTOS-Kernel/tasks.c.obj
                0x10008414                vTaskMissedYield
 .text.xTaskGetCurrentTaskHandle
                0x10008428       0x1c CMakeFiles/facp_izone.dir/lib/FreeRTOS-Kernel/tasks.c.obj
                0x10008428                xTaskGetCurrentTaskHandle
 .text.vTaskYieldWithinAPI
                0x10008444       0x34 CMakeFiles/facp_izone.dir/lib/FreeRTOS-Kernel/tasks.c.obj
                0x10008444                vTaskYieldWithinAPI
 .text.vTaskEnterCritical
                0x10008478       0xe0 CMakeFiles/facp_izone.dir/lib/FreeRTOS-Kernel/tasks.c.obj
                0x10008478                vTaskEnterCritical
 .text.vTaskEnterCriticalFromISR
                0x10008558       0x84 CMakeFiles/facp_izone.dir/lib/FreeRTOS-Kernel/tasks.c.obj
                0x10008558                vTaskEnterCriticalFromISR
 .text.vTaskExitCritical
                0x100085dc       0xb0 CMakeFiles/facp_izone.dir/lib/FreeRTOS-Kernel/tasks.c.obj
                0x100085dc                vTaskExitCritical
 .text.prvCheckTasksWaitingTermination
                0x1000868c       0x9c CMakeFiles/facp_izone.dir/lib/FreeRTOS-Kernel/tasks.c.obj
 .text.prvIdleTask
                0x10008728       0x1c CMakeFiles/facp_izone.dir/lib/FreeRTOS-Kernel/tasks.c.obj
 .text.prvAddNewTaskToReadyList
                0x10008744       0xec CMakeFiles/facp_izone.dir/lib/FreeRTOS-Kernel/tasks.c.obj
 .text.xTaskCreateStatic
                0x10008830       0x80 CMakeFiles/facp_izone.dir/lib/FreeRTOS-Kernel/tasks.c.obj
                0x10008830                xTaskCreateStatic
 .text.vTaskStartScheduler
                0x100088b0      0x13c CMakeFiles/facp_izone.dir/lib/FreeRTOS-Kernel/tasks.c.obj
                0x100088b0                vTaskStartScheduler
 .text.xTaskCreateStaticAffinitySet
                0x100089ec       0x7c CMakeFiles/facp_izone.dir/lib/FreeRTOS-Kernel/tasks.c.obj
                0x100089ec                xTaskCreateStaticAffinitySet
 .text.xTaskCreate
                0x10008a68       0x2c CMakeFiles/facp_izone.dir/lib/FreeRTOS-Kernel/tasks.c.obj
                0x10008a68                xTaskCreate
 .text.vTaskCoreAffinitySet
                0x10008a94       0x90 CMakeFiles/facp_izone.dir/lib/FreeRTOS-Kernel/tasks.c.obj
                0x10008a94                vTaskCoreAffinitySet
 .text.xTaskResumeAll.part.0
                0x10008b24      0x198 CMakeFiles/facp_izone.dir/lib/FreeRTOS-Kernel/tasks.c.obj
 .text.xTaskResumeAll
                0x10008cbc       0x18 CMakeFiles/facp_izone.dir/lib/FreeRTOS-Kernel/tasks.c.obj
                0x10008cbc                xTaskResumeAll
 .text.xTaskDelayUntil
                0x10008cd4       0xb0 CMakeFiles/facp_izone.dir/lib/FreeRTOS-Kernel/tasks.c.obj
                0x10008cd4                xTaskDelayUntil
 .text.vTaskRemoveFromUnorderedEventList
                0x10008d84       0xa8 CMakeFiles/facp_izone.dir/lib/FreeRTOS-Kernel/tasks.c.obj
                0x10008d84                vTaskRemoveFromUnorderedEventList
 .text.xTaskCheckForTimeOut
                0x10008e2c       0x6c CMakeFiles/facp_izone.dir/lib/FreeRTOS-Kernel/tasks.c.obj
                0x10008e2c                xTaskCheckForTimeOut
 .text.xTaskGetSchedulerState
                0x10008e98       0x2c CMakeFiles/facp_izone.dir/lib/FreeRTOS-Kernel/tasks.c.obj
                0x10008e98                xTaskGetSchedulerState
 .text.vTaskExitCriticalFromISR
                0x10008ec4       0x74 CMakeFiles/facp_izone.dir/lib/FreeRTOS-Kernel/tasks.c.obj
                0x10008ec4                vTaskExitCriticalFromISR
 .text.uxTaskResetEventItemValue
                0x10008f38       0x48 CMakeFiles/facp_izone.dir/lib/FreeRTOS-Kernel/tasks.c.obj
                0x10008f38                uxTaskResetEventItemValue
 .text.prvCheckForValidListAndQueue
                0x10008f80       0x60 CMakeFiles/facp_izone.dir/lib/FreeRTOS-Kernel/timers.c.obj
 .text.prvReloadTimer
                0x10008fe0       0x4c CMakeFiles/facp_izone.dir/lib/FreeRTOS-Kernel/timers.c.obj
 .text.prvProcessExpiredTimer
                0x1000902c       0x3c CMakeFiles/facp_izone.dir/lib/FreeRTOS-Kernel/timers.c.obj
 .text.prvTimerTask
                0x10009068      0x234 CMakeFiles/facp_izone.dir/lib/FreeRTOS-Kernel/timers.c.obj
 .text.xTimerCreateTimerTask
                0x1000929c       0x60 CMakeFiles/facp_izone.dir/lib/FreeRTOS-Kernel/timers.c.obj
                0x1000929c                xTimerCreateTimerTask
 .text.xTimerPendFunctionCallFromISR
                0x100092fc       0x28 CMakeFiles/facp_izone.dir/lib/FreeRTOS-Kernel/timers.c.obj
                0x100092fc                xTimerPendFunctionCallFromISR
 .text.exception_set_exclusive_handler
                0x10009324       0x48 CMakeFiles/facp_izone.dir/C_/Program_Files/Raspberry_Pi/Pico_SDK_v1.5.1/pico-sdk/src/rp2_common/hardware_exception/exception.c.obj
                0x10009324                exception_set_exclusive_handler
 .text.pvPortMalloc
                0x1000936c      0x17c CMakeFiles/facp_izone.dir/lib/FreeRTOS-Kernel/portable/MemMang/heap_4.c.obj
                0x1000936c                pvPortMalloc
 .text.vPortFree
                0x100094e8       0xc0 CMakeFiles/facp_izone.dir/lib/FreeRTOS-Kernel/portable/MemMang/heap_4.c.obj
                0x100094e8                vPortFree
 .text.xPortGetFreeHeapSize
                0x100095a8        0xc CMakeFiles/facp_izone.dir/lib/FreeRTOS-Kernel/portable/MemMang/heap_4.c.obj
                0x100095a8                xPortGetFreeHeapSize
 .text.strlen   0x100095b4       0x5c c:/progra~1/raspbe~1/picosd~1.1/gcc-ar~1/bin/../lib/gcc/arm-none-eabi/10.3.1/../../../../arm-none-eabi/lib/thumb/v6-m/nofp\libc.a(lib_a-strlen-stub.o)
                0x100095b4                strlen
 *(.fini)
 .fini          0x10009610        0x4 c:/progra~1/raspbe~1/picosd~1.1/gcc-ar~1/bin/../lib/gcc/arm-none-eabi/10.3.1/thumb/v6-m/nofp/crti.o
                0x10009610                _fini
 *fill*         0x10009614        0x4 
 .fini.__stub   0x10009618       0xd0 linker stubs
 *crtbegin.o(.ctors)
 *crtbegin?.o(.ctors)
 *(EXCLUDE_FILE(*crtend.o *crtend?.o) .ctors)
 *(SORT_BY_NAME(.ctors.*))
 *(.ctors)
 *crtbegin.o(.dtors)
 *crtbegin?.o(.dtors)
 *(EXCLUDE_FILE(*crtend.o *crtend?.o) .dtors)
 *(SORT_BY_NAME(.dtors.*))
 *(.dtors)
 *(.eh_frame*)
 .eh_frame      0x100096e8        0x0 c:/progra~1/raspbe~1/picosd~1.1/gcc-ar~1/bin/../lib/gcc/arm-none-eabi/10.3.1/thumb/v6-m/nofp/crtbegin.o
                0x100096e8                . = ALIGN (0x4)

.glue_7         0x100096e8        0x0
 .glue_7        0x100096e8        0x0 linker stubs

.glue_7t        0x100096e8        0x0
 .glue_7t       0x100096e8        0x0 linker stubs

.vfp11_veneer   0x100096e8        0x0
 .vfp11_veneer  0x100096e8        0x0 linker stubs

.v4_bx          0x100096e8        0x0
 .v4_bx         0x100096e8        0x0 linker stubs

.iplt           0x100096e8        0x0
 .iplt          0x100096e8        0x0 c:/progra~1/raspbe~1/picosd~1.1/gcc-ar~1/bin/../lib/gcc/arm-none-eabi/10.3.1/thumb/v6-m/nofp/crtbegin.o

.rodata         0x100096e8      0xbc4
 *(EXCLUDE_FILE(*libm.a: *libc.a:*lib_a-mem*.o *libgcc.a:) .rodata*)
 .rodata.prvSystemMonitorTask.str1.4
                0x100096e8       0x49 CMakeFiles/facp_izone.dir/src/main.c.obj
 *fill*         0x10009731        0x3 
 .rodata.prvLedBlinkTask.str1.4
                0x10009734       0x23 CMakeFiles/facp_izone.dir/src/main.c.obj
 *fill*         0x10009757        0x1 
 .rodata.main.str1.4
                0x10009758      0x23f CMakeFiles/facp_izone.dir/src/main.c.obj
 *fill*         0x10009997        0x1 
 .rodata.system_set_status.str1.4
                0x10009998       0x1e CMakeFiles/facp_izone.dir/src/system_init.c.obj
 *fill*         0x100099b6        0x2 
 .rodata.vApplicationMallocFailedHook.str1.4
                0x100099b8       0x21 CMakeFiles/facp_izone.dir/src/system_init.c.obj
 *fill*         0x100099d9        0x3 
 .rodata.vApplicationStackOverflowHook.str1.4
                0x100099dc       0x23 CMakeFiles/facp_izone.dir/src/system_init.c.obj
 *fill*         0x100099ff        0x1 
 .rodata.vSMPTestTask.str1.4
                0x10009a00       0x5e CMakeFiles/facp_izone.dir/src/smp_config.c.obj
 *fill*         0x10009a5e        0x2 
 .rodata.xTaskCreateWithAffinity.str1.4
                0x10009a60       0x2e CMakeFiles/facp_izone.dir/src/smp_config.c.obj
 *fill*         0x10009a8e        0x2 
 .rodata.vPrintSMPStatus.str1.4
                0x10009a90      0x138 CMakeFiles/facp_izone.dir/src/smp_config.c.obj
 .rodata.xValidateSMPConfiguration.str1.4
                0x10009bc8       0xb9 CMakeFiles/facp_izone.dir/src/smp_config.c.obj
                                 0xd1 (size before relaxing)
 *fill*         0x10009c81        0x3 
 .rodata.xCreateSMPTestTasks.str1.4
                0x10009c84       0xb2 CMakeFiles/facp_izone.dir/src/smp_config.c.obj
 *fill*         0x10009d36        0x2 
 .rodata.spin_lock_claim.str1.4
                0x10009d38       0x1f CMakeFiles/facp_izone.dir/C_/Program_Files/Raspberry_Pi/Pico_SDK_v1.5.1/pico-sdk/src/rp2_common/hardware_sync/sync.c.obj
 *fill*         0x10009d57        0x1 
 .rodata.spin_lock_claim_unused.str1.4
                0x10009d58       0x1b CMakeFiles/facp_izone.dir/C_/Program_Files/Raspberry_Pi/Pico_SDK_v1.5.1/pico-sdk/src/rp2_common/hardware_sync/sync.c.obj
 *fill*         0x10009d73        0x1 
 .rodata.user_irq_claim_unused.str1.4
                0x10009d74       0x1b CMakeFiles/facp_izone.dir/C_/Program_Files/Raspberry_Pi/Pico_SDK_v1.5.1/pico-sdk/src/rp2_common/hardware_irq/irq.c.obj
 *fill*         0x10009d8f        0x1 
 .rodata.hardware_alarm_claim.str1.4
                0x10009d90       0x22 CMakeFiles/facp_izone.dir/C_/Program_Files/Raspberry_Pi/Pico_SDK_v1.5.1/pico-sdk/src/rp2_common/hardware_timer/timer.c.obj
 *fill*         0x10009db2        0x2 
 .rodata.panic.str1.4
                0x10009db4       0x10 CMakeFiles/facp_izone.dir/C_/Program_Files/Raspberry_Pi/Pico_SDK_v1.5.1/pico-sdk/src/rp2_common/pico_runtime/runtime.c.obj
                                 0x12 (size before relaxing)
 .rodata.panic_unsupported.str1.4
                0x10009dc4        0xe CMakeFiles/facp_izone.dir/C_/Program_Files/Raspberry_Pi/Pico_SDK_v1.5.1/pico-sdk/src/rp2_common/pico_runtime/runtime.c.obj
 *fill*         0x10009dd2        0x2 
 .rodata.hard_assertion_failure.str1.4
                0x10009dd4        0xc CMakeFiles/facp_izone.dir/C_/Program_Files/Raspberry_Pi/Pico_SDK_v1.5.1/pico-sdk/src/rp2_common/pico_runtime/runtime.c.obj
 .rodata._ftoa.str1.4
                0x10009de0       0x15 CMakeFiles/facp_izone.dir/C_/Program_Files/Raspberry_Pi/Pico_SDK_v1.5.1/pico-sdk/src/rp2_common/pico_printf/printf.c.obj
 *fill*         0x10009df5        0x3 
 .rodata._vsnprintf
                0x10009df8      0x1e0 CMakeFiles/facp_izone.dir/C_/Program_Files/Raspberry_Pi/Pico_SDK_v1.5.1/pico-sdk/src/rp2_common/pico_printf/printf.c.obj
 .rodata.pow10.0
                0x10009fd8       0x50 CMakeFiles/facp_izone.dir/C_/Program_Files/Raspberry_Pi/Pico_SDK_v1.5.1/pico-sdk/src/rp2_common/pico_printf/printf.c.obj
 .rodata.str1.4
                0x1000a028       0x33 CMakeFiles/facp_izone.dir/C_/Program_Files/Raspberry_Pi/Pico_SDK_v1.5.1/pico-sdk/src/rp2_common/pico_standard_link/binary_info.c.obj
                                 0x40 (size before relaxing)
 *fill*         0x1000a05b        0x1 
 .rodata.__bi_44
                0x1000a05c        0xc CMakeFiles/facp_izone.dir/C_/Program_Files/Raspberry_Pi/Pico_SDK_v1.5.1/pico-sdk/src/rp2_common/pico_standard_link/binary_info.c.obj
 .rodata.__bi_75
                0x1000a068        0xc CMakeFiles/facp_izone.dir/C_/Program_Files/Raspberry_Pi/Pico_SDK_v1.5.1/pico-sdk/src/rp2_common/pico_standard_link/binary_info.c.obj
 .rodata.__bi_81
                0x1000a074        0xc CMakeFiles/facp_izone.dir/C_/Program_Files/Raspberry_Pi/Pico_SDK_v1.5.1/pico-sdk/src/rp2_common/pico_standard_link/binary_info.c.obj
 .rodata.crlf_str.0
                0x1000a080        0x2 CMakeFiles/facp_izone.dir/C_/Program_Files/Raspberry_Pi/Pico_SDK_v1.5.1/pico-sdk/src/rp2_common/pico_stdio/stdio.c.obj
 *fill*         0x1000a082        0x2 
 .rodata._resetd_driver
                0x1000a084       0x18 CMakeFiles/facp_izone.dir/C_/Program_Files/Raspberry_Pi/Pico_SDK_v1.5.1/pico-sdk/src/rp2_common/pico_stdio_usb/reset_interface.c.obj
 .rodata.str1.4
                0x1000a09c       0x13 CMakeFiles/facp_izone.dir/C_/Program_Files/Raspberry_Pi/Pico_SDK_v1.5.1/pico-sdk/src/rp2_common/pico_stdio_usb/stdio_usb.c.obj
 *fill*         0x1000a0af        0x1 
 .rodata.__bi_182.0
                0x1000a0b0        0xc CMakeFiles/facp_izone.dir/C_/Program_Files/Raspberry_Pi/Pico_SDK_v1.5.1/pico-sdk/src/rp2_common/pico_stdio_usb/stdio_usb.c.obj
 .rodata.str1.4
                0x1000a0bc       0x2a CMakeFiles/facp_izone.dir/C_/Program_Files/Raspberry_Pi/Pico_SDK_v1.5.1/pico-sdk/src/rp2_common/pico_stdio_usb/stdio_usb_descriptors.c.obj
 *fill*         0x1000a0e6        0x2 
 .rodata.usbd_desc_cfg
                0x1000a0e8       0x54 CMakeFiles/facp_izone.dir/C_/Program_Files/Raspberry_Pi/Pico_SDK_v1.5.1/pico-sdk/src/rp2_common/pico_stdio_usb/stdio_usb_descriptors.c.obj
 .rodata.usbd_desc_device
                0x1000a13c       0x12 CMakeFiles/facp_izone.dir/C_/Program_Files/Raspberry_Pi/Pico_SDK_v1.5.1/pico-sdk/src/rp2_common/pico_stdio_usb/stdio_usb_descriptors.c.obj
 *fill*         0x1000a14e        0x2 
 .rodata.usbd_desc_str
                0x1000a150       0x18 CMakeFiles/facp_izone.dir/C_/Program_Files/Raspberry_Pi/Pico_SDK_v1.5.1/pico-sdk/src/rp2_common/pico_stdio_usb/stdio_usb_descriptors.c.obj
 .rodata.str1.4
                0x1000a168       0x14 CMakeFiles/facp_izone.dir/C_/Program_Files/Raspberry_Pi/Pico_SDK_v1.5.1/pico-sdk/lib/tinyusb/src/portable/raspberrypi/rp2040/dcd_rp2040.c.obj
 .rodata.str1.4
                0x1000a17c       0x53 CMakeFiles/facp_izone.dir/C_/Program_Files/Raspberry_Pi/Pico_SDK_v1.5.1/pico-sdk/lib/tinyusb/src/portable/raspberrypi/rp2040/rp2040_usb.c.obj
 *fill*         0x1000a1cf        0x1 
 .rodata.tud_task_ext
                0x1000a1d0       0x8c CMakeFiles/facp_izone.dir/C_/Program_Files/Raspberry_Pi/Pico_SDK_v1.5.1/pico-sdk/lib/tinyusb/src/device/usbd.c.obj
 .rodata._usbd_driver
                0x1000a25c       0x18 CMakeFiles/facp_izone.dir/C_/Program_Files/Raspberry_Pi/Pico_SDK_v1.5.1/pico-sdk/lib/tinyusb/src/device/usbd.c.obj
 .rodata.vTaskStartScheduler.str1.4
                0x1000a274        0x5 CMakeFiles/facp_izone.dir/lib/FreeRTOS-Kernel/tasks.c.obj
 *fill*         0x1000a279        0x3 
 .rodata.prvTimerTask
                0x1000a27c       0x28 CMakeFiles/facp_izone.dir/lib/FreeRTOS-Kernel/timers.c.obj
 .rodata.xTimerCreateTimerTask.str1.4
                0x1000a2a4        0x8 CMakeFiles/facp_izone.dir/lib/FreeRTOS-Kernel/timers.c.obj
                0x1000a2ac                . = ALIGN (0x4)
 *(SORT_BY_ALIGNMENT(SORT_BY_NAME(.flashdata*)))
                0x1000a2ac                . = ALIGN (0x4)

.ARM.extab
 *(.ARM.extab* .gnu.linkonce.armextab.*)
                0x1000a2ac                __exidx_start = .

.ARM.exidx
 *(.ARM.exidx* .gnu.linkonce.armexidx.*)
                0x1000a2ac                __exidx_end = .
                0x1000a2ac                . = ALIGN (0x4)
                0x1000a2ac                __binary_info_start = .

.binary_info    0x1000a2ac       0x20
 *(.binary_info.keep.*)
 .binary_info.keep.__bi_ptr22
                0x1000a2ac        0x4 CMakeFiles/facp_izone.dir/C_/Program_Files/Raspberry_Pi/Pico_SDK_v1.5.1/pico-sdk/src/rp2_common/pico_standard_link/binary_info.c.obj
 .binary_info.keep.__bi_ptr30
                0x1000a2b0        0x4 CMakeFiles/facp_izone.dir/C_/Program_Files/Raspberry_Pi/Pico_SDK_v1.5.1/pico-sdk/src/rp2_common/pico_standard_link/binary_info.c.obj
 .binary_info.keep.__bi_ptr38
                0x1000a2b4        0x4 CMakeFiles/facp_izone.dir/C_/Program_Files/Raspberry_Pi/Pico_SDK_v1.5.1/pico-sdk/src/rp2_common/pico_standard_link/binary_info.c.obj
 .binary_info.keep.__bi_ptr44
                0x1000a2b8        0x4 CMakeFiles/facp_izone.dir/C_/Program_Files/Raspberry_Pi/Pico_SDK_v1.5.1/pico-sdk/src/rp2_common/pico_standard_link/binary_info.c.obj
 .binary_info.keep.__bi_ptr50
                0x1000a2bc        0x4 CMakeFiles/facp_izone.dir/C_/Program_Files/Raspberry_Pi/Pico_SDK_v1.5.1/pico-sdk/src/rp2_common/pico_standard_link/binary_info.c.obj
 .binary_info.keep.__bi_ptr75
                0x1000a2c0        0x4 CMakeFiles/facp_izone.dir/C_/Program_Files/Raspberry_Pi/Pico_SDK_v1.5.1/pico-sdk/src/rp2_common/pico_standard_link/binary_info.c.obj
 .binary_info.keep.__bi_ptr81
                0x1000a2c4        0x4 CMakeFiles/facp_izone.dir/C_/Program_Files/Raspberry_Pi/Pico_SDK_v1.5.1/pico-sdk/src/rp2_common/pico_standard_link/binary_info.c.obj
 *(.binary_info.*)
 .binary_info.__bi_ptr182
                0x1000a2c8        0x4 CMakeFiles/facp_izone.dir/C_/Program_Files/Raspberry_Pi/Pico_SDK_v1.5.1/pico-sdk/src/rp2_common/pico_stdio_usb/stdio_usb.c.obj
                0x1000a2cc                __binary_info_end = .

.rel.dyn        0x1000a2cc        0x0
 .rel.iplt      0x1000a2cc        0x0 c:/progra~1/raspbe~1/picosd~1.1/gcc-ar~1/bin/../lib/gcc/arm-none-eabi/10.3.1/thumb/v6-m/nofp/crtbegin.o
                0x1000a2cc                . = ALIGN (0x4)

.ram_vector_table
                0x20000000       0xc0
 *(.ram_vector_table)
 .ram_vector_table
                0x20000000       0xc0 CMakeFiles/facp_izone.dir/C_/Program_Files/Raspberry_Pi/Pico_SDK_v1.5.1/pico-sdk/src/rp2_common/pico_runtime/runtime.c.obj
                0x20000000                ram_vector_table

.data           0x200000c0      0xa90 load address 0x1000a2cc
                0x200000c0                __data_start__ = .
 *(vtable)
 *(.time_critical*)
 .time_critical.mutex_try_enter
                0x200000c0       0x44 CMakeFiles/facp_izone.dir/C_/Program_Files/Raspberry_Pi/Pico_SDK_v1.5.1/pico-sdk/src/common/pico_sync/mutex.c.obj
                0x200000c0                mutex_try_enter
 .time_critical.mutex_enter_block_until
                0x20000104       0x5c CMakeFiles/facp_izone.dir/C_/Program_Files/Raspberry_Pi/Pico_SDK_v1.5.1/pico-sdk/src/common/pico_sync/mutex.c.obj
                0x20000104                mutex_enter_block_until
 .time_critical.mutex_try_enter_block_until
                0x20000160       0x68 CMakeFiles/facp_izone.dir/C_/Program_Files/Raspberry_Pi/Pico_SDK_v1.5.1/pico-sdk/src/common/pico_sync/mutex.c.obj
                0x20000160                mutex_try_enter_block_until
 .time_critical.mutex_enter_timeout_ms
                0x200001c8       0x3c CMakeFiles/facp_izone.dir/C_/Program_Files/Raspberry_Pi/Pico_SDK_v1.5.1/pico-sdk/src/common/pico_sync/mutex.c.obj
                0x200001c8                mutex_enter_timeout_ms
 .time_critical.mutex_exit
                0x20000204       0x20 CMakeFiles/facp_izone.dir/C_/Program_Files/Raspberry_Pi/Pico_SDK_v1.5.1/pico-sdk/src/common/pico_sync/mutex.c.obj
                0x20000204                mutex_exit
 .time_critical.flash_init_boot2_copyout
                0x20000224       0x30 CMakeFiles/facp_izone.dir/C_/Program_Files/Raspberry_Pi/Pico_SDK_v1.5.1/pico-sdk/src/rp2_common/hardware_flash/flash.c.obj
 .time_critical.flash_enable_xip_via_boot2
                0x20000254       0x10 CMakeFiles/facp_izone.dir/C_/Program_Files/Raspberry_Pi/Pico_SDK_v1.5.1/pico-sdk/src/rp2_common/hardware_flash/flash.c.obj
 .time_critical.flash_cs_force
                0x20000264       0x28 CMakeFiles/facp_izone.dir/C_/Program_Files/Raspberry_Pi/Pico_SDK_v1.5.1/pico-sdk/src/rp2_common/hardware_flash/flash.c.obj
 .time_critical.flash_do_cmd
                0x2000028c       0xc8 CMakeFiles/facp_izone.dir/C_/Program_Files/Raspberry_Pi/Pico_SDK_v1.5.1/pico-sdk/src/rp2_common/hardware_flash/flash.c.obj
                0x2000028c                flash_do_cmd
 .time_critical.reset_non_control_endpoints
                0x20000354       0x3c CMakeFiles/facp_izone.dir/C_/Program_Files/Raspberry_Pi/Pico_SDK_v1.5.1/pico-sdk/lib/tinyusb/src/portable/raspberrypi/rp2040/dcd_rp2040.c.obj
 .time_critical.hw_handle_buff_status
                0x20000390       0xa8 CMakeFiles/facp_izone.dir/C_/Program_Files/Raspberry_Pi/Pico_SDK_v1.5.1/pico-sdk/lib/tinyusb/src/portable/raspberrypi/rp2040/dcd_rp2040.c.obj
 .time_critical.dcd_rp2040_irq
                0x20000438      0x1a0 CMakeFiles/facp_izone.dir/C_/Program_Files/Raspberry_Pi/Pico_SDK_v1.5.1/pico-sdk/lib/tinyusb/src/portable/raspberrypi/rp2040/dcd_rp2040.c.obj
 .time_critical.e15_is_bulkin_ep
                0x200005d8       0x28 CMakeFiles/facp_izone.dir/C_/Program_Files/Raspberry_Pi/Pico_SDK_v1.5.1/pico-sdk/lib/tinyusb/src/portable/raspberrypi/rp2040/rp2040_usb.c.obj
 .time_critical.e15_is_critical_frame_period
                0x20000600       0x34 CMakeFiles/facp_izone.dir/C_/Program_Files/Raspberry_Pi/Pico_SDK_v1.5.1/pico-sdk/lib/tinyusb/src/portable/raspberrypi/rp2040/rp2040_usb.c.obj
 .time_critical.prepare_ep_buffer
                0x20000634       0x70 CMakeFiles/facp_izone.dir/C_/Program_Files/Raspberry_Pi/Pico_SDK_v1.5.1/pico-sdk/lib/tinyusb/src/portable/raspberrypi/rp2040/rp2040_usb.c.obj
 .time_critical.sync_ep_buffer
                0x200006a4       0x4c CMakeFiles/facp_izone.dir/C_/Program_Files/Raspberry_Pi/Pico_SDK_v1.5.1/pico-sdk/lib/tinyusb/src/portable/raspberrypi/rp2040/rp2040_usb.c.obj
 .time_critical._hw_endpoint_xfer_sync
                0x200006f0       0x28 CMakeFiles/facp_izone.dir/C_/Program_Files/Raspberry_Pi/Pico_SDK_v1.5.1/pico-sdk/lib/tinyusb/src/portable/raspberrypi/rp2040/rp2040_usb.c.obj
 .time_critical.hw_endpoint_reset_transfer
                0x20000718        0xc CMakeFiles/facp_izone.dir/C_/Program_Files/Raspberry_Pi/Pico_SDK_v1.5.1/pico-sdk/lib/tinyusb/src/portable/raspberrypi/rp2040/rp2040_usb.c.obj
                0x20000718                hw_endpoint_reset_transfer
 .time_critical._hw_endpoint_buffer_control_update32
                0x20000724       0x58 CMakeFiles/facp_izone.dir/C_/Program_Files/Raspberry_Pi/Pico_SDK_v1.5.1/pico-sdk/lib/tinyusb/src/portable/raspberrypi/rp2040/rp2040_usb.c.obj
                0x20000724                _hw_endpoint_buffer_control_update32
 .time_critical.hw_endpoint_start_next_buffer
                0x2000077c       0x6c CMakeFiles/facp_izone.dir/C_/Program_Files/Raspberry_Pi/Pico_SDK_v1.5.1/pico-sdk/lib/tinyusb/src/portable/raspberrypi/rp2040/rp2040_usb.c.obj
                0x2000077c                hw_endpoint_start_next_buffer
 .time_critical.hw_endpoint_xfer_continue
                0x200007e8       0x50 CMakeFiles/facp_izone.dir/C_/Program_Files/Raspberry_Pi/Pico_SDK_v1.5.1/pico-sdk/lib/tinyusb/src/portable/raspberrypi/rp2040/rp2040_usb.c.obj
                0x200007e8                hw_endpoint_xfer_continue
 .time_critical.tinyusb
                0x20000838      0x170 CMakeFiles/facp_izone.dir/C_/Program_Files/Raspberry_Pi/Pico_SDK_v1.5.1/pico-sdk/lib/tinyusb/src/device/usbd.c.obj
                0x20000838                dcd_event_handler
 *(.text*)
 .text          0x200009a8        0x4 c:/progra~1/raspbe~1/picosd~1.1/gcc-ar~1/bin/../lib/gcc/arm-none-eabi/10.3.1/thumb/v6-m/nofp\libgcc.a(_dvmd_tls.o)
                0x200009a8                __aeabi_idiv0
                0x200009a8                __aeabi_ldiv0
 *fill*         0x200009ac        0x4 
 .text.__stub   0x200009b0       0x90 linker stubs
                0x20000a40                . = ALIGN (0x4)
 *(.rodata*)
                0x20000a40                . = ALIGN (0x4)
 *(.data*)
 .data.striped_spin_lock_num
                0x20000a40        0x1 CMakeFiles/facp_izone.dir/C_/Program_Files/Raspberry_Pi/Pico_SDK_v1.5.1/pico-sdk/src/rp2_common/hardware_sync/sync.c.obj
 *fill*         0x20000a41        0x3 
 .data          0x20000a44       0x48 CMakeFiles/facp_izone.dir/C_/Program_Files/Raspberry_Pi/Pico_SDK_v1.5.1/pico-sdk/src/rp2_common/hardware_irq/irq_handler_chain.S.obj
                0x20000a44                irq_handler_chain_slots
                0x20000a74                irq_handler_chain_first_slot
                0x20000a7e                irq_handler_chain_remove_tail
 .data.default_alarm_pool
                0x20000a8c       0x18 CMakeFiles/facp_izone.dir/C_/Program_Files/Raspberry_Pi/Pico_SDK_v1.5.1/pico-sdk/src/common/pico_time/time.c.obj
 .data.default_alarm_pool_heap
                0x20000aa4       0x10 CMakeFiles/facp_izone.dir/C_/Program_Files/Raspberry_Pi/Pico_SDK_v1.5.1/pico-sdk/src/common/pico_time/time.c.obj
 *fill*         0x20000ab4        0xc 
 .data.aeabi_bits_funcs
                0x20000ac0       0x10 CMakeFiles/facp_izone.dir/C_/Program_Files/Raspberry_Pi/Pico_SDK_v1.5.1/pico-sdk/src/rp2_common/pico_bit_ops/bit_ops_aeabi.S.obj
                0x20000ac0                aeabi_bits_funcs
                0x20000ad0                aeabi_bits_funcs_end
 .data.aeabi_mem_funcs
                0x20000ad0       0x10 CMakeFiles/facp_izone.dir/C_/Program_Files/Raspberry_Pi/Pico_SDK_v1.5.1/pico-sdk/src/rp2_common/pico_mem_ops/mem_ops_aeabi.S.obj
                0x20000ad0                aeabi_mem_funcs
                0x20000ae0                aeabi_mem_funcs_end
 .data.stdio_usb
                0x20000ae0       0x18 CMakeFiles/facp_izone.dir/C_/Program_Files/Raspberry_Pi/Pico_SDK_v1.5.1/pico-sdk/src/rp2_common/pico_stdio_usb/stdio_usb.c.obj
                0x20000ae0                stdio_usb
 .data.ep_dir_string
                0x20000af8        0x8 CMakeFiles/facp_izone.dir/C_/Program_Files/Raspberry_Pi/Pico_SDK_v1.5.1/pico-sdk/lib/tinyusb/src/portable/raspberrypi/rp2040/rp2040_usb.c.obj
                0x20000af8                ep_dir_string
 .data._usbd_qdef
                0x20000b00       0x1c CMakeFiles/facp_izone.dir/C_/Program_Files/Raspberry_Pi/Pico_SDK_v1.5.1/pico-sdk/lib/tinyusb/src/device/usbd.c.obj
                0x20000b00                _usbd_qdef
 .data._usbd_rhport
                0x20000b1c        0x1 CMakeFiles/facp_izone.dir/C_/Program_Files/Raspberry_Pi/Pico_SDK_v1.5.1/pico-sdk/lib/tinyusb/src/device/usbd.c.obj
 .data.ucPrimaryCoreNum
                0x20000b1d        0x1 CMakeFiles/facp_izone.dir/lib/FreeRTOS-Kernel/portable/ThirdParty/GCC/RP2040/port.c.obj
 *fill*         0x20000b1e        0x2 
 .data.uxTopUsedPriority
                0x20000b20        0x4 CMakeFiles/facp_izone.dir/lib/FreeRTOS-Kernel/tasks.c.obj
                0x20000b24                . = ALIGN (0x4)
 *(.after_data.*)
                0x20000b24                . = ALIGN (0x4)
                0x20000b24                PROVIDE (__mutex_array_start = .)