C:/Program Files/Raspberry Pi/Pico SDK v1.5.1/pico-sdk/lib/tinyusb/src/tusb.c:46:6:tusb_init	8	static
C:/Program Files/Raspberry Pi/Pico SDK v1.5.1/pico-sdk/lib/tinyusb/src/tusb.c:61:6:tusb_inited	8	static
C:/Program Files/Raspberry Pi/Pico SDK v1.5.1/pico-sdk/lib/tinyusb/src/tusb.c:80:17:tu_desc_find	0	static
C:/Program Files/Raspberry Pi/Pico SDK v1.5.1/pico-sdk/lib/tinyusb/src/tusb.c:90:17:tu_desc_find2	8	static
C:/Program Files/Raspberry Pi/Pico SDK v1.5.1/pico-sdk/lib/tinyusb/src/tusb.c:100:17:tu_desc_find3	12	static
C:/Program Files/Raspberry Pi/Pico SDK v1.5.1/pico-sdk/lib/tinyusb/src/tusb.c:115:6:tu_edpt_claim	16	static
C:/Program Files/Raspberry Pi/Pico SDK v1.5.1/pico-sdk/lib/tinyusb/src/tusb.c:135:6:tu_edpt_release	16	static
C:/Program Files/Raspberry Pi/Pico SDK v1.5.1/pico-sdk/lib/tinyusb/src/tusb.c:153:6:tu_edpt_validate	8	static
C:/Program Files/Raspberry Pi/Pico SDK v1.5.1/pico-sdk/lib/tinyusb/src/tusb.c:192:6:tu_edpt_bind_driver	16	static
C:/Program Files/Raspberry Pi/Pico SDK v1.5.1/pico-sdk/lib/tinyusb/src/tusb.c:211:10:tu_desc_get_interface_total_len	12	static
C:/Program Files/Raspberry Pi/Pico SDK v1.5.1/pico-sdk/lib/tinyusb/src/tusb.c:245:6:tu_edpt_stream_init	48	static
C:/Program Files/Raspberry Pi/Pico SDK v1.5.1/pico-sdk/lib/tinyusb/src/tusb.c:320:6:tu_edpt_stream_write_zlp_if_needed	16	static
C:/Program Files/Raspberry Pi/Pico SDK v1.5.1/pico-sdk/lib/tinyusb/src/tusb.c:331:10:tu_edpt_stream_write_xfer	16	static
C:/Program Files/Raspberry Pi/Pico SDK v1.5.1/pico-sdk/lib/tinyusb/src/tusb.c:355:10:tu_edpt_stream_write	16	static
C:/Program Files/Raspberry Pi/Pico SDK v1.5.1/pico-sdk/lib/tinyusb/src/tusb.c:375:10:tu_edpt_stream_read_xfer	16	static
C:/Program Files/Raspberry Pi/Pico SDK v1.5.1/pico-sdk/lib/tinyusb/src/tusb.c:408:10:tu_edpt_stream_read	16	static
