C:/dev/GitHub/FACP-iZone/firmware/src/system_init.c:35:6:system_config_init	8	static
C:/dev/GitHub/FACP-iZone/firmware/src/system_init.c:56:17:system_get_status	0	static
C:/dev/GitHub/FACP-iZone/firmware/src/system_init.c:65:6:system_set_status	8	static
C:/dev/GitHub/FACP-iZone/firmware/src/system_init.c:77:5:system_get_version_string	24	static
C:/dev/GitHub/FACP-iZone/firmware/src/system_init.c:91:6:system_self_test	16	static
C:/dev/GitHub/FACP-iZone/firmware/src/system_init.c:126:6:hal_init	8	static
C:/dev/GitHub/FACP-iZone/firmware/src/system_init.c:149:6:system_shutdown	8	static
C:/dev/GitHub/FACP-iZone/firmware/src/system_init.c:170:6:vApplicationMallocFailedHook	8	static
C:/dev/GitHub/FACP-iZone/firmware/src/system_init.c:189:6:vApplicationStackOverflowHook	8	static
C:/dev/GitHub/FACP-iZone/firmware/src/system_init.c:211:6:vApplicationGetIdleTaskMemory	0	static
C:/dev/GitHub/FACP-iZone/firmware/src/system_init.c:226:6:vApplicationGetTimerTaskMemory	0	static
C:/dev/GitHub/FACP-iZone/firmware/src/system_init.c:242:6:vApplicationGetPassiveIdleTaskMemory	12	static
