C:/Program Files/Raspberry Pi/Pico SDK v1.5.1/pico-sdk/src/rp2_common/hardware_irq/irq.c:49:6:irq_set_enabled	0	static
C:/Program Files/Raspberry Pi/Pico SDK v1.5.1/pico-sdk/src/rp2_common/hardware_irq/irq.c:54:6:irq_is_enabled	0	static
C:/Program Files/Raspberry Pi/Pico SDK v1.5.1/pico-sdk/src/rp2_common/hardware_irq/irq.c:59:6:irq_set_mask_enabled	0	static
C:/Program Files/Raspberry Pi/Pico SDK v1.5.1/pico-sdk/src/rp2_common/hardware_irq/irq.c:70:6:irq_set_pending	0	static
C:/Program Files/Raspberry Pi/Pico SDK v1.5.1/pico-sdk/src/rp2_common/hardware_irq/irq.c:109:6:irq_has_shared_handler	0	static
C:/Program Files/Raspberry Pi/Pico SDK v1.5.1/pico-sdk/src/rp2_common/hardware_irq/irq.c:123:15:irq_get_vtable_handler	0	static
C:/Program Files/Raspberry Pi/Pico SDK v1.5.1/pico-sdk/src/rp2_common/hardware_irq/irq.c:128:6:irq_set_exclusive_handler	16	static
C:/Program Files/Raspberry Pi/Pico SDK v1.5.1/pico-sdk/src/rp2_common/hardware_irq/irq.c:141:15:irq_get_exclusive_handler	0	static
C:/Program Files/Raspberry Pi/Pico SDK v1.5.1/pico-sdk/src/rp2_common/hardware_irq/irq.c:206:6:irq_add_shared_handler	56	static
C:/Program Files/Raspberry Pi/Pico SDK v1.5.1/pico-sdk/src/rp2_common/hardware_irq/irq.c:280:6:irq_remove_handler	48	static
C:/Program Files/Raspberry Pi/Pico SDK v1.5.1/pico-sdk/src/rp2_common/hardware_irq/irq.c:377:6:irq_set_priority	8	static
C:/Program Files/Raspberry Pi/Pico SDK v1.5.1/pico-sdk/src/rp2_common/hardware_irq/irq.c:385:6:irq_get_priority	0	static
C:/Program Files/Raspberry Pi/Pico SDK v1.5.1/pico-sdk/src/rp2_common/hardware_irq/irq.c:396:6:irq_add_tail_to_free_list	24	static
C:/Program Files/Raspberry Pi/Pico SDK v1.5.1/pico-sdk/src/rp2_common/hardware_irq/irq.c:427:6:irq_init_priorities	0	static
C:/Program Files/Raspberry Pi/Pico SDK v1.5.1/pico-sdk/src/rp2_common/hardware_irq/irq.c:445:6:user_irq_claim	8	static
C:/Program Files/Raspberry Pi/Pico SDK v1.5.1/pico-sdk/src/rp2_common/hardware_irq/irq.c:449:6:user_irq_unclaim	8	static
C:/Program Files/Raspberry Pi/Pico SDK v1.5.1/pico-sdk/src/rp2_common/hardware_irq/irq.c:453:5:user_irq_claim_unused	16	static
C:/Program Files/Raspberry Pi/Pico SDK v1.5.1/pico-sdk/src/rp2_common/hardware_irq/irq.c:459:6:user_irq_is_claimed	8	static
