C:/dev/GitHub/FACP-iZone/firmware/lib/FreeRTOS-Kernel/portable/ThirdParty/GCC/RP2040/port.c:208:6:vPortSVCHandler	0	static
C:/dev/GitHub/FACP-iZone/firmware/lib/FreeRTOS-Kernel/portable/ThirdParty/GCC/RP2040/port.c:215:6:vPortStartFirstTask	0	static
C:/dev/GitHub/FACP-iZone/firmware/lib/FreeRTOS-Kernel/portable/ThirdParty/GCC/RP2040/port.c:281:17:prvFIFOInterruptHandler	0	static
C:/dev/GitHub/FACP-iZone/firmware/lib/FreeRTOS-Kernel/portable/ThirdParty/GCC/RP2040/port.c:528:6:xPortPendSVHandler	0	static
C:/dev/GitHub/FACP-iZone/firmware/lib/FreeRTOS-Kernel/portable/ThirdParty/GCC/RP2040/port.c:199:13:prvTaskExitError	8	static
C:/dev/GitHub/FACP-iZone/firmware/lib/FreeRTOS-Kernel/portable/ThirdParty/GCC/RP2040/port.c:713:6:xPortSysTickHandler	8	static
C:/dev/GitHub/FACP-iZone/firmware/lib/FreeRTOS-Kernel/portable/ThirdParty/GCC/RP2040/port.c:179:15:pxPortInitialiseStack	8	static
C:/dev/GitHub/FACP-iZone/firmware/lib/FreeRTOS-Kernel/portable/ThirdParty/GCC/RP2040/port.c:441:6:vPortEndScheduler	0	static
C:/dev/GitHub/FACP-iZone/firmware/lib/FreeRTOS-Kernel/portable/ThirdParty/GCC/RP2040/port.c:449:6:vPortYield	0	static
C:/dev/GitHub/FACP-iZone/firmware/lib/FreeRTOS-Kernel/portable/ThirdParty/GCC/RP2040/port.c:488:10:ulSetInterruptMaskFromISR	0	static
C:/dev/GitHub/FACP-iZone/firmware/lib/FreeRTOS-Kernel/portable/ThirdParty/GCC/RP2040/port.c:499:6:vClearInterruptMaskFromISR	0	static
C:/dev/GitHub/FACP-iZone/firmware/lib/FreeRTOS-Kernel/portable/ThirdParty/GCC/RP2040/port.c:510:6:vYieldCore	0	static
C:/dev/GitHub/FACP-iZone/firmware/lib/FreeRTOS-Kernel/portable/ThirdParty/GCC/RP2040/port.c:740:32:vPortSetupTimerInterrupt	8	static
C:/dev/GitHub/FACP-iZone/firmware/lib/FreeRTOS-Kernel/portable/ThirdParty/GCC/RP2040/port.c:309:23:xPortStartSchedulerOnCore.isra	16	static
C:/dev/GitHub/FACP-iZone/firmware/lib/FreeRTOS-Kernel/portable/ThirdParty/GCC/RP2040/port.c:355:17:prvDisableInterruptsAndPortStartSchedulerOnCore	8	static
C:/dev/GitHub/FACP-iZone/firmware/lib/FreeRTOS-Kernel/portable/ThirdParty/GCC/RP2040/port.c:364:16:xPortStartScheduler	8	static
C:/dev/GitHub/FACP-iZone/firmware/lib/FreeRTOS-Kernel/portable/ThirdParty/GCC/RP2040/port.c:948:14:ulPortLockGetCurrentOwnerId	8	static
C:/dev/GitHub/FACP-iZone/firmware/lib/FreeRTOS-Kernel/portable/ThirdParty/GCC/RP2040/port.c:994:10:vPortLockInternalSpinUnlockWithWait	16	static
C:/dev/GitHub/FACP-iZone/firmware/lib/FreeRTOS-Kernel/portable/ThirdParty/GCC/RP2040/port.c:1049:10:vPortLockInternalSpinUnlockWithNotify	16	static
C:/dev/GitHub/FACP-iZone/firmware/lib/FreeRTOS-Kernel/portable/ThirdParty/GCC/RP2040/port.c:1095:10:xPortLockInternalSpinUnlockWithBestEffortWaitOrTimeout	32	static
C:/dev/GitHub/FACP-iZone/firmware/lib/FreeRTOS-Kernel/portable/ThirdParty/GCC/RP2040/port.c:1144:54:prvRuntimeInitializer	8	static
C:/dev/GitHub/FACP-iZone/firmware/lib/FreeRTOS-Kernel/portable/ThirdParty/GCC/RP2040/port.c:1169:10:xPortSyncInternalYieldUntilBefore	16	static
