C:/dev/GitHub/FACP-iZone/firmware/lib/FreeRTOS-Kernel/queue.c:2393:19:prvCopyDataToQueue	16	static
C:/dev/GitHub/FACP-iZone/firmware/lib/FreeRTOS-Kernel/queue.c:2497:13:prvUnlockQueue	16	static
C:/dev/GitHub/FACP-iZone/firmware/lib/FreeRTOS-Kernel/queue.c:303:12:xQueueGenericReset	16	static
C:/dev/GitHub/FACP-iZone/firmware/lib/FreeRTOS-Kernel/queue.c:376:19:xQueueGenericCreateStatic	24	static
C:/dev/GitHub/FACP-iZone/firmware/lib/FreeRTOS-Kernel/queue.c:446:16:xQueueGenericGetStaticBuffers	8	static
C:/dev/GitHub/FACP-iZone/firmware/lib/FreeRTOS-Kernel/queue.c:502:19:xQueueGenericCreate	24	static
C:/dev/GitHub/FACP-iZone/firmware/lib/FreeRTOS-Kernel/queue.c:942:12:xQueueGenericSend	48	static
C:/dev/GitHub/FACP-iZone/firmware/lib/FreeRTOS-Kernel/queue.c:1160:12:xQueueGenericSendFromISR	32	static
C:/dev/GitHub/FACP-iZone/firmware/lib/FreeRTOS-Kernel/queue.c:1332:12:xQueueGiveFromISR	24	static
C:/dev/GitHub/FACP-iZone/firmware/lib/FreeRTOS-Kernel/queue.c:1505:12:xQueueReceive	48	static
C:/dev/GitHub/FACP-iZone/firmware/lib/FreeRTOS-Kernel/queue.c:1655:12:xQueueSemaphoreTake	40	static
C:/dev/GitHub/FACP-iZone/firmware/lib/FreeRTOS-Kernel/queue.c:1880:12:xQueuePeek	40	static
C:/dev/GitHub/FACP-iZone/firmware/lib/FreeRTOS-Kernel/queue.c:2038:12:xQueueReceiveFromISR	32	static
C:/dev/GitHub/FACP-iZone/firmware/lib/FreeRTOS-Kernel/queue.c:2138:12:xQueuePeekFromISR	24	static
C:/dev/GitHub/FACP-iZone/firmware/lib/FreeRTOS-Kernel/queue.c:2200:13:uxQueueMessagesWaiting	8	static
C:/dev/GitHub/FACP-iZone/firmware/lib/FreeRTOS-Kernel/queue.c:2220:13:uxQueueSpacesAvailable	8	static
C:/dev/GitHub/FACP-iZone/firmware/lib/FreeRTOS-Kernel/queue.c:2241:13:uxQueueMessagesWaitingFromISR	0	static
C:/dev/GitHub/FACP-iZone/firmware/lib/FreeRTOS-Kernel/queue.c:2257:6:vQueueDelete	8	static
C:/dev/GitHub/FACP-iZone/firmware/lib/FreeRTOS-Kernel/queue.c:2305:17:uxQueueGetQueueNumber	0	static
C:/dev/GitHub/FACP-iZone/firmware/lib/FreeRTOS-Kernel/queue.c:2319:10:vQueueSetQueueNumber	0	static
C:/dev/GitHub/FACP-iZone/firmware/lib/FreeRTOS-Kernel/queue.c:2334:13:ucQueueGetQueueType	0	static
C:/dev/GitHub/FACP-iZone/firmware/lib/FreeRTOS-Kernel/queue.c:2346:13:uxQueueGetQueueItemSize	0	static
C:/dev/GitHub/FACP-iZone/firmware/lib/FreeRTOS-Kernel/queue.c:2356:13:uxQueueGetQueueLength	0	static
C:/dev/GitHub/FACP-iZone/firmware/lib/FreeRTOS-Kernel/queue.c:2638:12:xQueueIsQueueEmptyFromISR	0	static
C:/dev/GitHub/FACP-iZone/firmware/lib/FreeRTOS-Kernel/queue.c:2683:12:xQueueIsQueueFullFromISR	0	static
C:/dev/GitHub/FACP-iZone/firmware/lib/FreeRTOS-Kernel/queue.c:3135:10:vQueueWaitForMessageRestricted	16	static
