C:/dev/GitHub/FACP-iZone/firmware/lib/FreeRTOS-Kernel/stream_buffer.c:1476:15:prvWriteBytesToBuffer.part.0	24	static
C:/dev/GitHub/FACP-iZone/firmware/lib/FreeRTOS-Kernel/stream_buffer.c:1000:15:prvWriteMessageToBuffer	32	static
C:/dev/GitHub/FACP-iZone/firmware/lib/FreeRTOS-Kernel/stream_buffer.c:1522:15:prvReadBytesFromBuffer.part.0	24	static
C:/dev/GitHub/FACP-iZone/firmware/lib/FreeRTOS-Kernel/stream_buffer.c:1276:15:prvReadMessageFromBuffer	32	static
C:/dev/GitHub/FACP-iZone/firmware/lib/FreeRTOS-Kernel/stream_buffer.c:331:26:xStreamBufferGenericCreate	24	static
C:/dev/GitHub/FACP-iZone/firmware/lib/FreeRTOS-Kernel/stream_buffer.c:427:26:xStreamBufferGenericCreateStatic	32	static
C:/dev/GitHub/FACP-iZone/firmware/lib/FreeRTOS-Kernel/stream_buffer.c:523:16:xStreamBufferGetStaticBuffers	8	static
C:/dev/GitHub/FACP-iZone/firmware/lib/FreeRTOS-Kernel/stream_buffer.c:557:6:vStreamBufferDelete	8	static
C:/dev/GitHub/FACP-iZone/firmware/lib/FreeRTOS-Kernel/stream_buffer.c:594:12:xStreamBufferReset	32	static
C:/dev/GitHub/FACP-iZone/firmware/lib/FreeRTOS-Kernel/stream_buffer.c:655:12:xStreamBufferResetFromISR	32	static
C:/dev/GitHub/FACP-iZone/firmware/lib/FreeRTOS-Kernel/stream_buffer.c:720:12:xStreamBufferSetTriggerLevel	0	static
C:/dev/GitHub/FACP-iZone/firmware/lib/FreeRTOS-Kernel/stream_buffer.c:754:8:xStreamBufferSpacesAvailable	12	static
C:/dev/GitHub/FACP-iZone/firmware/lib/FreeRTOS-Kernel/stream_buffer.c:791:8:xStreamBufferBytesAvailable	0	static
C:/dev/GitHub/FACP-iZone/firmware/lib/FreeRTOS-Kernel/stream_buffer.c:808:8:xStreamBufferSend	56	static
C:/dev/GitHub/FACP-iZone/firmware/lib/FreeRTOS-Kernel/stream_buffer.c:943:8:xStreamBufferSendFromISR	40	static
C:/dev/GitHub/FACP-iZone/firmware/lib/FreeRTOS-Kernel/stream_buffer.c:1053:8:xStreamBufferReceive	40	static
C:/dev/GitHub/FACP-iZone/firmware/lib/FreeRTOS-Kernel/stream_buffer.c:1169:8:xStreamBufferNextMessageLengthBytes	16	static
C:/dev/GitHub/FACP-iZone/firmware/lib/FreeRTOS-Kernel/stream_buffer.c:1213:8:xStreamBufferReceiveFromISR	32	static
C:/dev/GitHub/FACP-iZone/firmware/lib/FreeRTOS-Kernel/stream_buffer.c:1331:12:xStreamBufferIsEmpty	0	static
C:/dev/GitHub/FACP-iZone/firmware/lib/FreeRTOS-Kernel/stream_buffer.c:1359:12:xStreamBufferIsFull	16	static
C:/dev/GitHub/FACP-iZone/firmware/lib/FreeRTOS-Kernel/stream_buffer.c:1398:12:xStreamBufferSendCompletedFromISR	32	static
C:/dev/GitHub/FACP-iZone/firmware/lib/FreeRTOS-Kernel/stream_buffer.c:1437:12:xStreamBufferReceiveCompletedFromISR	32	static
C:/dev/GitHub/FACP-iZone/firmware/lib/FreeRTOS-Kernel/stream_buffer.c:1635:13:uxStreamBufferGetStreamBufferNotificationIndex	0	static
C:/dev/GitHub/FACP-iZone/firmware/lib/FreeRTOS-Kernel/stream_buffer.c:1649:6:vStreamBufferSetStreamBufferNotificationIndex	0	static
C:/dev/GitHub/FACP-iZone/firmware/lib/FreeRTOS-Kernel/stream_buffer.c:1673:17:uxStreamBufferGetStreamBufferNumber	0	static
C:/dev/GitHub/FACP-iZone/firmware/lib/FreeRTOS-Kernel/stream_buffer.c:1687:10:vStreamBufferSetStreamBufferNumber	0	static
C:/dev/GitHub/FACP-iZone/firmware/lib/FreeRTOS-Kernel/stream_buffer.c:1702:13:ucStreamBufferGetStreamBufferType	0	static
