C:/dev/GitHub/FACP-iZone/firmware/lib/FreeRTOS-Kernel/tasks.c:5731:12:prvPassiveIdleTask	8	static
C:/dev/GitHub/FACP-iZone/firmware/lib/FreeRTOS-Kernel/tasks.c:890:17:prvYieldForTask	48	static
C:/dev/GitHub/FACP-iZone/firmware/lib/FreeRTOS-Kernel/tasks.c:8579:13:prvAddCurrentTaskToDelayedList	32	static
C:/dev/GitHub/FACP-iZone/firmware/lib/FreeRTOS-Kernel/tasks.c:1815:13:prvInitialiseNewTask.constprop	32	static
C:/dev/GitHub/FACP-iZone/firmware/lib/FreeRTOS-Kernel/tasks.c:1642:20:prvCreateTask	48	static
C:/dev/GitHub/FACP-iZone/firmware/lib/FreeRTOS-Kernel/tasks.c:4725:12:xTaskIncrementTick.part.0	40	static
C:/dev/GitHub/FACP-iZone/firmware/lib/FreeRTOS-Kernel/tasks.c:822:17:prvCheckForRunStateChange	48	static
C:/dev/GitHub/FACP-iZone/firmware/lib/FreeRTOS-Kernel/tasks.c:7217:10:vTaskExitCriticalFromISR.part.0	8	static
C:/dev/GitHub/FACP-iZone/firmware/lib/FreeRTOS-Kernel/tasks.c:3837:6:vTaskSuspendAll.part.0	24	static
C:/dev/GitHub/FACP-iZone/firmware/lib/FreeRTOS-Kernel/tasks.c:2668:17:uxTaskPriorityGetFromISR	32	static
C:/dev/GitHub/FACP-iZone/firmware/lib/FreeRTOS-Kernel/tasks.c:3837:6:vTaskSuspendAll	8	static
C:/dev/GitHub/FACP-iZone/firmware/lib/FreeRTOS-Kernel/tasks.c:4160:12:xTaskGetTickCount	0	static
C:/dev/GitHub/FACP-iZone/firmware/lib/FreeRTOS-Kernel/tasks.c:4179:12:xTaskGetTickCountFromISR	0	static
C:/dev/GitHub/FACP-iZone/firmware/lib/FreeRTOS-Kernel/tasks.c:4214:13:uxTaskGetNumberOfTasks	0	static
C:/dev/GitHub/FACP-iZone/firmware/lib/FreeRTOS-Kernel/tasks.c:4226:8:pcTaskGetName	0	static
C:/dev/GitHub/FACP-iZone/firmware/lib/FreeRTOS-Kernel/tasks.c:4385:16:xTaskGetStaticBuffers	8	static
C:/dev/GitHub/FACP-iZone/firmware/lib/FreeRTOS-Kernel/tasks.c:4725:12:xTaskIncrementTick	8	static
C:/dev/GitHub/FACP-iZone/firmware/lib/FreeRTOS-Kernel/tasks.c:5194:10:vTaskSwitchContext	56	static
C:/dev/GitHub/FACP-iZone/firmware/lib/FreeRTOS-Kernel/tasks.c:5296:6:vTaskPlaceOnEventList	8	static
C:/dev/GitHub/FACP-iZone/firmware/lib/FreeRTOS-Kernel/tasks.c:5325:6:vTaskPlaceOnUnorderedEventList	16	static
C:/dev/GitHub/FACP-iZone/firmware/lib/FreeRTOS-Kernel/tasks.c:5357:10:vTaskPlaceOnEventListRestricted	24	static
C:/dev/GitHub/FACP-iZone/firmware/lib/FreeRTOS-Kernel/tasks.c:5394:12:xTaskRemoveFromEventList	16	static
C:/dev/GitHub/FACP-iZone/firmware/lib/FreeRTOS-Kernel/tasks.c:5575:6:vTaskInternalSetTimeOutState	0	static
C:/dev/GitHub/FACP-iZone/firmware/lib/FreeRTOS-Kernel/tasks.c:5656:6:vTaskMissedYield	0	static
C:/dev/GitHub/FACP-iZone/firmware/lib/FreeRTOS-Kernel/tasks.c:5669:17:uxTaskGetTaskNumber	0	static
C:/dev/GitHub/FACP-iZone/firmware/lib/FreeRTOS-Kernel/tasks.c:5696:10:vTaskSetTaskNumber	0	static
C:/dev/GitHub/FACP-iZone/firmware/lib/FreeRTOS-Kernel/tasks.c:6429:17:uxTaskGetStackHighWaterMark	0	static
C:/dev/GitHub/FACP-iZone/firmware/lib/FreeRTOS-Kernel/tasks.c:6555:22:xTaskGetCurrentTaskHandle	0	static
C:/dev/GitHub/FACP-iZone/firmware/lib/FreeRTOS-Kernel/tasks.c:6574:18:xTaskGetCurrentTaskHandleForCore	0	static
C:/dev/GitHub/FACP-iZone/firmware/lib/FreeRTOS-Kernel/tasks.c:6960:10:vTaskYieldWithinAPI	8	static
C:/dev/GitHub/FACP-iZone/firmware/lib/FreeRTOS-Kernel/tasks.c:7023:10:vTaskEnterCritical	16	static
C:/dev/GitHub/FACP-iZone/firmware/lib/FreeRTOS-Kernel/tasks.c:7076:17:vTaskEnterCriticalFromISR	24	static
C:/dev/GitHub/FACP-iZone/firmware/lib/FreeRTOS-Kernel/tasks.c:3443:16:xTaskResumeFromISR	24	static
C:/dev/GitHub/FACP-iZone/firmware/lib/FreeRTOS-Kernel/tasks.c:7154:10:vTaskExitCritical	16	static
C:/dev/GitHub/FACP-iZone/firmware/lib/FreeRTOS-Kernel/tasks.c:6099:13:prvCheckTasksWaitingTermination	24	static
C:/dev/GitHub/FACP-iZone/firmware/lib/FreeRTOS-Kernel/tasks.c:5801:8:prvIdleTask	8	static
C:/dev/GitHub/FACP-iZone/firmware/lib/FreeRTOS-Kernel/tasks.c:2119:17:prvAddNewTaskToReadyList	24	static
C:/dev/GitHub/FACP-iZone/firmware/lib/FreeRTOS-Kernel/tasks.c:1331:18:xTaskCreateStatic	48	static
C:/dev/GitHub/FACP-iZone/firmware/lib/FreeRTOS-Kernel/tasks.c:3689:6:vTaskStartScheduler	88	static
C:/dev/GitHub/FACP-iZone/firmware/lib/FreeRTOS-Kernel/tasks.c:1369:22:xTaskCreateStaticAffinitySet	48	static
C:/dev/GitHub/FACP-iZone/firmware/lib/FreeRTOS-Kernel/tasks.c:1740:16:xTaskCreate	16	static
C:/dev/GitHub/FACP-iZone/firmware/lib/FreeRTOS-Kernel/tasks.c:1778:20:xTaskCreateAffinitySet	16	static
C:/dev/GitHub/FACP-iZone/firmware/lib/FreeRTOS-Kernel/tasks.c:2213:10:vTaskDelete	16	static
C:/dev/GitHub/FACP-iZone/firmware/lib/FreeRTOS-Kernel/tasks.c:3794:6:vTaskEndScheduler	8	static
C:/dev/GitHub/FACP-iZone/firmware/lib/FreeRTOS-Kernel/tasks.c:2508:16:eTaskGetState.part.0	24	static
C:/dev/GitHub/FACP-iZone/firmware/lib/FreeRTOS-Kernel/tasks.c:2508:16:eTaskGetState	8	static
C:/dev/GitHub/FACP-iZone/firmware/lib/FreeRTOS-Kernel/tasks.c:2640:17:uxTaskPriorityGet	8	static
C:/dev/GitHub/FACP-iZone/firmware/lib/FreeRTOS-Kernel/tasks.c:2796:10:vTaskPrioritySet	24	static
C:/dev/GitHub/FACP-iZone/firmware/lib/FreeRTOS-Kernel/tasks.c:3010:10:vTaskCoreAffinitySet	16	static
C:/dev/GitHub/FACP-iZone/firmware/lib/FreeRTOS-Kernel/tasks.c:3067:17:vTaskCoreAffinityGet	8	static
C:/dev/GitHub/FACP-iZone/firmware/lib/FreeRTOS-Kernel/tasks.c:3149:10:vTaskSuspend	16	static
C:/dev/GitHub/FACP-iZone/firmware/lib/FreeRTOS-Kernel/tasks.c:3382:10:vTaskResume	16	static
C:/dev/GitHub/FACP-iZone/firmware/lib/FreeRTOS-Kernel/tasks.c:4011:12:xTaskResumeAll.part.0	32	static
C:/dev/GitHub/FACP-iZone/firmware/lib/FreeRTOS-Kernel/tasks.c:4011:12:xTaskResumeAll	8	static
C:/dev/GitHub/FACP-iZone/firmware/lib/FreeRTOS-Kernel/tasks.c:2366:16:xTaskDelayUntil	16	static
C:/dev/GitHub/FACP-iZone/firmware/lib/FreeRTOS-Kernel/tasks.c:2458:10:vTaskDelay	16	static
C:/dev/GitHub/FACP-iZone/firmware/lib/FreeRTOS-Kernel/tasks.c:4601:12:xTaskCatchUpTicks	16	static
C:/dev/GitHub/FACP-iZone/firmware/lib/FreeRTOS-Kernel/tasks.c:5487:6:vTaskRemoveFromUnorderedEventList	16	static
C:/dev/GitHub/FACP-iZone/firmware/lib/FreeRTOS-Kernel/tasks.c:5559:6:vTaskSetTimeOutState	8	static
C:/dev/GitHub/FACP-iZone/firmware/lib/FreeRTOS-Kernel/tasks.c:5587:12:xTaskCheckForTimeOut	24	static
C:/dev/GitHub/FACP-iZone/firmware/lib/FreeRTOS-Kernel/tasks.c:6177:10:vTaskGetInfo	24	static
C:/dev/GitHub/FACP-iZone/firmware/lib/FreeRTOS-Kernel/tasks.c:4440:17:uxTaskGetSystemState	48	static
C:/dev/GitHub/FACP-iZone/firmware/lib/FreeRTOS-Kernel/tasks.c:6599:16:xTaskGetSchedulerState	8	static
C:/dev/GitHub/FACP-iZone/firmware/lib/FreeRTOS-Kernel/tasks.c:7217:10:vTaskExitCriticalFromISR	8	static
C:/dev/GitHub/FACP-iZone/firmware/lib/FreeRTOS-Kernel/tasks.c:7290:10:vTaskListTasks	64	static
C:/dev/GitHub/FACP-iZone/firmware/lib/FreeRTOS-Kernel/tasks.c:7646:12:uxTaskResetEventItemValue	8	static
C:/dev/GitHub/FACP-iZone/firmware/lib/FreeRTOS-Kernel/tasks.c:7691:14:ulTaskGenericNotifyTake	24	static
C:/dev/GitHub/FACP-iZone/firmware/lib/FreeRTOS-Kernel/tasks.c:7793:16:xTaskGenericNotifyWait	24	static
C:/dev/GitHub/FACP-iZone/firmware/lib/FreeRTOS-Kernel/tasks.c:7907:16:xTaskGenericNotify	16	static
C:/dev/GitHub/FACP-iZone/firmware/lib/FreeRTOS-Kernel/tasks.c:8027:16:xTaskGenericNotifyFromISR	24	static
C:/dev/GitHub/FACP-iZone/firmware/lib/FreeRTOS-Kernel/tasks.c:8209:10:vTaskGenericNotifyGiveFromISR	24	static
C:/dev/GitHub/FACP-iZone/firmware/lib/FreeRTOS-Kernel/tasks.c:8341:16:xTaskGenericNotifyStateClear	16	static
C:/dev/GitHub/FACP-iZone/firmware/lib/FreeRTOS-Kernel/tasks.c:8380:14:ulTaskGenericNotifyValueClear	16	static
C:/dev/GitHub/FACP-iZone/firmware/lib/FreeRTOS-Kernel/tasks.c:8810:6:vTaskResetState	0	static
