C:/dev/GitHub/FACP-iZone/firmware/lib/FreeRTOS-Kernel/timers.c:1114:17:prvCheckForValidListAndQueue	32	static
C:/dev/GitHub/FACP-iZone/firmware/lib/FreeRTOS-Kernel/timers.c:695:17:prvReloadTimer	16	static
C:/dev/GitHub/FACP-iZone/firmware/lib/FreeRTOS-Kernel/timers.c:714:17:prvProcessExpiredTimer	16	static
C:/dev/GitHub/FACP-iZone/firmware/lib/FreeRTOS-Kernel/timers.c:744:12:prvTimerTask	72	static
C:/dev/GitHub/FACP-iZone/firmware/lib/FreeRTOS-Kernel/timers.c:237:16:xTimerCreateTimerTask	40	static
C:/dev/GitHub/FACP-iZone/firmware/lib/FreeRTOS-Kernel/timers.c:336:23:xTimerCreate	32	static
C:/dev/GitHub/FACP-iZone/firmware/lib/FreeRTOS-Kernel/timers.c:370:23:xTimerCreateStatic	32	static
C:/dev/GitHub/FACP-iZone/firmware/lib/FreeRTOS-Kernel/timers.c:448:16:xTimerGenericCommandFromTask	24	static
C:/dev/GitHub/FACP-iZone/firmware/lib/FreeRTOS-Kernel/timers.c:497:16:xTimerGenericCommandFromISR	32	static
C:/dev/GitHub/FACP-iZone/firmware/lib/FreeRTOS-Kernel/timers.c:539:18:xTimerGetTimerDaemonTaskHandle	0	static
C:/dev/GitHub/FACP-iZone/firmware/lib/FreeRTOS-Kernel/timers.c:553:16:xTimerGetPeriod	0	static
C:/dev/GitHub/FACP-iZone/firmware/lib/FreeRTOS-Kernel/timers.c:567:10:vTimerSetReloadMode	16	static
C:/dev/GitHub/FACP-iZone/firmware/lib/FreeRTOS-Kernel/timers.c:592:16:xTimerGetReloadMode	8	static
C:/dev/GitHub/FACP-iZone/firmware/lib/FreeRTOS-Kernel/timers.c:620:17:uxTimerGetReloadMode	8	static
C:/dev/GitHub/FACP-iZone/firmware/lib/FreeRTOS-Kernel/timers.c:634:16:xTimerGetExpiryTime	0	static
C:/dev/GitHub/FACP-iZone/firmware/lib/FreeRTOS-Kernel/timers.c:651:20:xTimerGetStaticBuffer	0	static
C:/dev/GitHub/FACP-iZone/firmware/lib/FreeRTOS-Kernel/timers.c:681:18:pcTimerGetName	0	static
C:/dev/GitHub/FACP-iZone/firmware/lib/FreeRTOS-Kernel/timers.c:1165:16:xTimerIsTimerActive	8	static
C:/dev/GitHub/FACP-iZone/firmware/lib/FreeRTOS-Kernel/timers.c:1194:12:pvTimerGetTimerID	8	static
C:/dev/GitHub/FACP-iZone/firmware/lib/FreeRTOS-Kernel/timers.c:1215:10:vTimerSetTimerID	16	static
C:/dev/GitHub/FACP-iZone/firmware/lib/FreeRTOS-Kernel/timers.c:1236:20:xTimerPendFunctionCallFromISR	24	static
C:/dev/GitHub/FACP-iZone/firmware/lib/FreeRTOS-Kernel/timers.c:1266:20:xTimerPendFunctionCall	32	static
C:/dev/GitHub/FACP-iZone/firmware/lib/FreeRTOS-Kernel/timers.c:1301:21:uxTimerGetTimerNumber	0	static
C:/dev/GitHub/FACP-iZone/firmware/lib/FreeRTOS-Kernel/timers.c:1315:14:vTimerSetTimerNumber	0	static
C:/dev/GitHub/FACP-iZone/firmware/lib/FreeRTOS-Kernel/timers.c:1333:10:vTimerResetState	0	static
