C:/Program Files/Raspberry Pi/Pico SDK v1.5.1/pico-sdk/src/common/pico_sync/mutex.c:10:6:mutex_init	8	static
C:/Program Files/Raspberry Pi/Pico SDK v1.5.1/pico-sdk/src/common/pico_sync/mutex.c:19:6:recursive_mutex_init	8	static
C:/Program Files/Raspberry Pi/Pico SDK v1.5.1/pico-sdk/src/common/pico_sync/mutex.c:29:6:mutex_enter_blocking	16	static
C:/Program Files/Raspberry Pi/Pico SDK v1.5.1/pico-sdk/src/common/pico_sync/mutex.c:48:6:recursive_mutex_enter_blocking	16	static
C:/Program Files/Raspberry Pi/Pico SDK v1.5.1/pico-sdk/src/common/pico_sync/mutex.c:64:6:mutex_try_enter	16	static
C:/Program Files/Raspberry Pi/Pico SDK v1.5.1/pico-sdk/src/common/pico_sync/mutex.c:94:6:recursive_mutex_try_enter	16	static
C:/Program Files/Raspberry Pi/Pico SDK v1.5.1/pico-sdk/src/common/pico_sync/mutex.c:127:6:mutex_enter_block_until	32	static
C:/Program Files/Raspberry Pi/Pico SDK v1.5.1/pico-sdk/src/common/pico_sync/mutex.c:83:6:mutex_try_enter_block_until	24	static
C:/Program Files/Raspberry Pi/Pico SDK v1.5.1/pico-sdk/src/common/pico_sync/mutex.c:111:6:mutex_enter_timeout_ms	24	static
C:/Program Files/Raspberry Pi/Pico SDK v1.5.1/pico-sdk/src/common/pico_sync/mutex.c:119:6:mutex_enter_timeout_us	16	static
C:/Program Files/Raspberry Pi/Pico SDK v1.5.1/pico-sdk/src/common/pico_sync/mutex.c:151:6:recursive_mutex_enter_block_until	32	static
C:/Program Files/Raspberry Pi/Pico SDK v1.5.1/pico-sdk/src/common/pico_sync/mutex.c:115:6:recursive_mutex_enter_timeout_ms	24	static
C:/Program Files/Raspberry Pi/Pico SDK v1.5.1/pico-sdk/src/common/pico_sync/mutex.c:123:6:recursive_mutex_enter_timeout_us	16	static
C:/Program Files/Raspberry Pi/Pico SDK v1.5.1/pico-sdk/src/common/pico_sync/mutex.c:172:6:mutex_exit	8	static
C:/Program Files/Raspberry Pi/Pico SDK v1.5.1/pico-sdk/src/common/pico_sync/mutex.c:185:6:recursive_mutex_exit	8	static
