C:/Program Files/Raspberry Pi/Pico SDK v1.5.1/pico-sdk/src/common/pico_time/time.c:69:6:timer_pool_entry_comparator	8	static
C:/Program Files/Raspberry Pi/Pico SDK v1.5.1/pico-sdk/src/common/pico_time/time.c:335:16:repeating_timer_callback	8	static
C:/Program Files/Raspberry Pi/Pico SDK v1.5.1/pico-sdk/src/common/pico_time/time.c:326:13:alarm_pool_dump_key	16	static
C:/Program Files/Raspberry Pi/Pico SDK v1.5.1/pico-sdk/src/common/pico_time/time.c:375:16:sleep_until_callback	8	static
C:/Program Files/Raspberry Pi/Pico SDK v1.5.1/pico-sdk/src/common/pico_time/time.c:293:6:alarm_pool_cancel_alarm.part.0	16	static
C:/Program Files/Raspberry Pi/Pico SDK v1.5.1/pico-sdk/src/common/pico_time/time.c:99:24:add_alarm_under_lock	40	static
C:/Program Files/Raspberry Pi/Pico SDK v1.5.1/pico-sdk/src/common/pico_time/time.c:124:13:alarm_pool_alarm_callback	80	static
C:/Program Files/Raspberry Pi/Pico SDK v1.5.1/pico-sdk/src/common/pico_time/time.c:78:6:alarm_pool_init_default	8	static
C:/Program Files/Raspberry Pi/Pico SDK v1.5.1/pico-sdk/src/common/pico_time/time.c:93:15:alarm_pool_get_default	0	static
C:/Program Files/Raspberry Pi/Pico SDK v1.5.1/pico-sdk/src/common/pico_time/time.c:180:15:alarm_pool_create	16	static
C:/Program Files/Raspberry Pi/Pico SDK v1.5.1/pico-sdk/src/common/pico_time/time.c:190:15:alarm_pool_create_with_unused_hardware_alarm	16	static
C:/Program Files/Raspberry Pi/Pico SDK v1.5.1/pico-sdk/src/common/pico_time/time.c:208:6:alarm_pool_destroy	8	static
C:/Program Files/Raspberry Pi/Pico SDK v1.5.1/pico-sdk/src/common/pico_time/time.c:226:12:alarm_pool_add_alarm_at	80	static
C:/Program Files/Raspberry Pi/Pico SDK v1.5.1/pico-sdk/src/common/pico_time/time.c:273:12:alarm_pool_add_alarm_at_force_in_context	56	static
C:/Program Files/Raspberry Pi/Pico SDK v1.5.1/pico-sdk/src/common/pico_time/time.c:293:6:alarm_pool_cancel_alarm	8	static
C:/Program Files/Raspberry Pi/Pico SDK v1.5.1/pico-sdk/src/common/pico_time/time.c:318:6:alarm_pool_hardware_alarm_num	0	static
C:/Program Files/Raspberry Pi/Pico SDK v1.5.1/pico-sdk/src/common/pico_time/time.c:322:6:alarm_pool_core_num	0	static
C:/Program Files/Raspberry Pi/Pico SDK v1.5.1/pico-sdk/src/common/pico_time/time.c:346:6:alarm_pool_add_repeating_timer_us	40	static
C:/Program Files/Raspberry Pi/Pico SDK v1.5.1/pico-sdk/src/common/pico_time/time.c:359:6:cancel_repeating_timer	8	static
C:/Program Files/Raspberry Pi/Pico SDK v1.5.1/pico-sdk/src/common/pico_time/time.c:368:6:alarm_pool_dump	16	static
C:/Program Files/Raspberry Pi/Pico SDK v1.5.1/pico-sdk/src/common/pico_time/time.c:382:6:sleep_until	48	static
C:/Program Files/Raspberry Pi/Pico SDK v1.5.1/pico-sdk/src/common/pico_time/time.c:412:6:sleep_us	16	static
C:/Program Files/Raspberry Pi/Pico SDK v1.5.1/pico-sdk/src/common/pico_time/time.c:429:6:sleep_ms	16	static
C:/Program Files/Raspberry Pi/Pico SDK v1.5.1/pico-sdk/src/common/pico_time/time.c:433:6:best_effort_wfe_or_timeout	32	static
