C:/Program Files/Raspberry Pi/Pico SDK v1.5.1/pico-sdk/src/rp2_common/pico_multicore/multicore.c:85:37:core1_trampoline	0	static
C:/Program Files/Raspberry Pi/Pico SDK v1.5.1/pico-sdk/src/rp2_common/pico_multicore/multicore.c:183:19:multicore_lockout_handler	12	static
C:/Program Files/Raspberry Pi/Pico SDK v1.5.1/pico-sdk/src/rp2_common/pico_multicore/multicore.c:89:5:core1_wrapper	8	static
C:/Program Files/Raspberry Pi/Pico SDK v1.5.1/pico-sdk/src/rp2_common/pico_multicore/multicore.c:37:6:multicore_fifo_push_blocking	0	static
C:/Program Files/Raspberry Pi/Pico SDK v1.5.1/pico-sdk/src/rp2_common/pico_multicore/multicore.c:41:6:multicore_fifo_push_timeout_us	24	static
C:/Program Files/Raspberry Pi/Pico SDK v1.5.1/pico-sdk/src/rp2_common/pico_multicore/multicore.c:65:10:multicore_fifo_pop_blocking	0	static
C:/Program Files/Raspberry Pi/Pico SDK v1.5.1/pico-sdk/src/rp2_common/pico_multicore/multicore.c:69:6:multicore_fifo_pop_timeout_us	24	static
C:/Program Files/Raspberry Pi/Pico SDK v1.5.1/pico-sdk/src/rp2_common/pico_multicore/multicore.c:215:13:multicore_lockout_handshake	40	static
C:/Program Files/Raspberry Pi/Pico SDK v1.5.1/pico-sdk/src/rp2_common/pico_multicore/multicore.c:242:13:multicore_lockout_start_block_until	24	static
C:/Program Files/Raspberry Pi/Pico SDK v1.5.1/pico-sdk/src/rp2_common/pico_multicore/multicore.c:100:6:multicore_reset_core1	0	static
C:/Program Files/Raspberry Pi/Pico SDK v1.5.1/pico-sdk/src/rp2_common/pico_multicore/multicore.c:140:6:multicore_launch_core1_raw	48	static
C:/Program Files/Raspberry Pi/Pico SDK v1.5.1/pico-sdk/src/rp2_common/pico_multicore/multicore.c:117:6:multicore_launch_core1_with_stack	8	static
C:/Program Files/Raspberry Pi/Pico SDK v1.5.1/pico-sdk/src/rp2_common/pico_multicore/multicore.c:132:6:multicore_launch_core1	8	static
C:/Program Files/Raspberry Pi/Pico SDK v1.5.1/pico-sdk/src/rp2_common/pico_multicore/multicore.c:207:6:multicore_lockout_victim_init	16	static
C:/Program Files/Raspberry Pi/Pico SDK v1.5.1/pico-sdk/src/rp2_common/pico_multicore/multicore.c:254:6:multicore_lockout_start_timeout_us	16	static
C:/Program Files/Raspberry Pi/Pico SDK v1.5.1/pico-sdk/src/rp2_common/pico_multicore/multicore.c:258:6:multicore_lockout_start_blocking	8	static
C:/Program Files/Raspberry Pi/Pico SDK v1.5.1/pico-sdk/src/rp2_common/pico_multicore/multicore.c:276:6:multicore_lockout_end_timeout_us	24	static
C:/Program Files/Raspberry Pi/Pico SDK v1.5.1/pico-sdk/src/rp2_common/pico_multicore/multicore.c:280:6:multicore_lockout_end_blocking	16	static
C:/Program Files/Raspberry Pi/Pico SDK v1.5.1/pico-sdk/src/rp2_common/pico_multicore/multicore.c:284:6:multicore_lockout_victim_is_initialized	0	static
