C:/Program Files/Raspberry Pi/Pico SDK v1.5.1/pico-sdk/src/rp2_common/hardware_gpio/gpio.c:143:13:gpio_default_irq_handler	48	static
C:/Program Files/Raspberry Pi/Pico SDK v1.5.1/pico-sdk/src/rp2_common/hardware_gpio/gpio.c:22:5:gpio_get_pad	0	static
C:/Program Files/Raspberry Pi/Pico SDK v1.5.1/pico-sdk/src/rp2_common/hardware_gpio/gpio.c:32:6:gpio_set_function	8	static
C:/Program Files/Raspberry Pi/Pico SDK v1.5.1/pico-sdk/src/rp2_common/hardware_gpio/gpio.c:46:20:gpio_get_function	0	static
C:/Program Files/Raspberry Pi/Pico SDK v1.5.1/pico-sdk/src/rp2_common/hardware_gpio/gpio.c:53:6:gpio_set_pulls	0	static
C:/Program Files/Raspberry Pi/Pico SDK v1.5.1/pico-sdk/src/rp2_common/hardware_gpio/gpio.c:63:6:gpio_set_irqover	0	static
C:/Program Files/Raspberry Pi/Pico SDK v1.5.1/pico-sdk/src/rp2_common/hardware_gpio/gpio.c:72:6:gpio_set_inover	0	static
C:/Program Files/Raspberry Pi/Pico SDK v1.5.1/pico-sdk/src/rp2_common/hardware_gpio/gpio.c:80:6:gpio_set_outover	0	static
C:/Program Files/Raspberry Pi/Pico SDK v1.5.1/pico-sdk/src/rp2_common/hardware_gpio/gpio.c:88:6:gpio_set_oeover	0	static
C:/Program Files/Raspberry Pi/Pico SDK v1.5.1/pico-sdk/src/rp2_common/hardware_gpio/gpio.c:96:6:gpio_set_input_hysteresis_enabled	0	static
C:/Program Files/Raspberry Pi/Pico SDK v1.5.1/pico-sdk/src/rp2_common/hardware_gpio/gpio.c:105:6:gpio_is_input_hysteresis_enabled	0	static
C:/Program Files/Raspberry Pi/Pico SDK v1.5.1/pico-sdk/src/rp2_common/hardware_gpio/gpio.c:110:6:gpio_set_slew_rate	0	static
C:/Program Files/Raspberry Pi/Pico SDK v1.5.1/pico-sdk/src/rp2_common/hardware_gpio/gpio.c:118:21:gpio_get_slew_rate	0	static
C:/Program Files/Raspberry Pi/Pico SDK v1.5.1/pico-sdk/src/rp2_common/hardware_gpio/gpio.c:128:6:gpio_set_drive_strength	0	static
C:/Program Files/Raspberry Pi/Pico SDK v1.5.1/pico-sdk/src/rp2_common/hardware_gpio/gpio.c:136:26:gpio_get_drive_strength	0	static
C:/Program Files/Raspberry Pi/Pico SDK v1.5.1/pico-sdk/src/rp2_common/hardware_gpio/gpio.c:176:6:gpio_set_irq_enabled	12	static
C:/Program Files/Raspberry Pi/Pico SDK v1.5.1/pico-sdk/src/rp2_common/hardware_gpio/gpio.c:190:6:gpio_set_irq_callback	16	static
C:/Program Files/Raspberry Pi/Pico SDK v1.5.1/pico-sdk/src/rp2_common/hardware_gpio/gpio.c:184:6:gpio_set_irq_enabled_with_callback	24	static
C:/Program Files/Raspberry Pi/Pico SDK v1.5.1/pico-sdk/src/rp2_common/hardware_gpio/gpio.c:203:6:gpio_add_raw_irq_handler_with_order_priority_masked	24	static
C:/Program Files/Raspberry Pi/Pico SDK v1.5.1/pico-sdk/src/rp2_common/hardware_gpio/gpio.c:209:6:gpio_add_raw_irq_handler_masked	24	static
C:/Program Files/Raspberry Pi/Pico SDK v1.5.1/pico-sdk/src/rp2_common/hardware_gpio/gpio.c:213:6:gpio_remove_raw_irq_handler_masked	8	static
C:/Program Files/Raspberry Pi/Pico SDK v1.5.1/pico-sdk/src/rp2_common/hardware_gpio/gpio.c:219:6:gpio_set_dormant_irq_enabled	8	static
C:/Program Files/Raspberry Pi/Pico SDK v1.5.1/pico-sdk/src/rp2_common/hardware_gpio/gpio.c:225:6:gpio_acknowledge_irq	0	static
C:/Program Files/Raspberry Pi/Pico SDK v1.5.1/pico-sdk/src/rp2_common/hardware_gpio/gpio.c:239:6:gpio_set_input_enabled	0	static
C:/Program Files/Raspberry Pi/Pico SDK v1.5.1/pico-sdk/src/rp2_common/hardware_gpio/gpio.c:246:6:gpio_init	0	static
C:/Program Files/Raspberry Pi/Pico SDK v1.5.1/pico-sdk/src/rp2_common/hardware_gpio/gpio.c:252:6:gpio_deinit	0	static
C:/Program Files/Raspberry Pi/Pico SDK v1.5.1/pico-sdk/src/rp2_common/hardware_gpio/gpio.c:256:6:gpio_init_mask	32	static
C:/Program Files/Raspberry Pi/Pico SDK v1.5.1/pico-sdk/src/rp2_common/hardware_gpio/gpio.c:231:6:gpio_debug_pins_init	8	static
