C:/Program Files/Raspberry Pi/Pico SDK v1.5.1/pico-sdk/lib/tinyusb/src/device/usbd_control.c:87:13:_data_stage_xact	24	static
C:/Program Files/Raspberry Pi/Pico SDK v1.5.1/pico-sdk/lib/tinyusb/src/device/usbd_control.c:74:6:tud_control_status	16	static
C:/Program Files/Raspberry Pi/Pico SDK v1.5.1/pico-sdk/lib/tinyusb/src/device/usbd_control.c:104:6:tud_control_xfer	32	static
C:/Program Files/Raspberry Pi/Pico SDK v1.5.1/pico-sdk/lib/tinyusb/src/device/usbd_control.c:141:6:usbd_control_reset	8	static
C:/Program Files/Raspberry Pi/Pico SDK v1.5.1/pico-sdk/lib/tinyusb/src/device/usbd_control.c:147:6:usbd_control_set_complete_callback	0	static
C:/Program Files/Raspberry Pi/Pico SDK v1.5.1/pico-sdk/lib/tinyusb/src/device/usbd_control.c:153:6:usbd_control_set_request	8	static
C:/Program Files/Raspberry Pi/Pico SDK v1.5.1/pico-sdk/lib/tinyusb/src/device/usbd_control.c:164:6:usbd_control_xfer_cb	16	static
