C:/Program Files/Raspberry Pi/Pico SDK v1.5.1/pico-sdk/src/rp2_common/pico_double/double_math.c:541:12:drem_0	56	static
C:/Program Files/Raspberry Pi/Pico SDK v1.5.1/pico-sdk/src/rp2_common/pico_double/double_math.c:387:15:dpow_int2	40	static
C:/Program Files/Raspberry Pi/Pico SDK v1.5.1/pico-sdk/src/rp2_common/pico_double/double_math.c:350:15:dpow_1	64	static
C:/Program Files/Raspberry Pi/Pico SDK v1.5.1/pico-sdk/src/rp2_common/pico_double/double_math.c:403:15:dpowint_0	32	static
C:/Program Files/Raspberry Pi/Pico SDK v1.5.1/pico-sdk/src/rp2_common/pico_double/double_math.c:451:15:dpow_0	32	static
C:/Program Files/Raspberry Pi/Pico SDK v1.5.1/pico-sdk/src/rp2_common/pico_double/double_math.c:95:8:__wrap_ldexp	16	static
C:/Program Files/Raspberry Pi/Pico SDK v1.5.1/pico-sdk/src/rp2_common/pico_double/double_math.c:107:8:__wrap_copysign	8	static
C:/Program Files/Raspberry Pi/Pico SDK v1.5.1/pico-sdk/src/rp2_common/pico_double/double_math.c:177:8:__wrap_trunc	16	static
C:/Program Files/Raspberry Pi/Pico SDK v1.5.1/pico-sdk/src/rp2_common/pico_double/double_math.c:193:8:__wrap_round	20	static
C:/Program Files/Raspberry Pi/Pico SDK v1.5.1/pico-sdk/src/rp2_common/pico_double/double_math.c:216:8:__wrap_floor	24	static
C:/Program Files/Raspberry Pi/Pico SDK v1.5.1/pico-sdk/src/rp2_common/pico_double/double_math.c:237:8:__wrap_ceil	24	static
C:/Program Files/Raspberry Pi/Pico SDK v1.5.1/pico-sdk/src/rp2_common/pico_double/double_math.c:258:8:__wrap_asin	24	static
C:/Program Files/Raspberry Pi/Pico SDK v1.5.1/pico-sdk/src/rp2_common/pico_double/double_math.c:266:8:__wrap_acos	24	static
C:/Program Files/Raspberry Pi/Pico SDK v1.5.1/pico-sdk/src/rp2_common/pico_double/double_math.c:274:8:__wrap_atan	16	static
C:/Program Files/Raspberry Pi/Pico SDK v1.5.1/pico-sdk/src/rp2_common/pico_double/double_math.c:281:8:__wrap_sinh	24	static
C:/Program Files/Raspberry Pi/Pico SDK v1.5.1/pico-sdk/src/rp2_common/pico_double/double_math.c:286:8:__wrap_cosh	24	static
C:/Program Files/Raspberry Pi/Pico SDK v1.5.1/pico-sdk/src/rp2_common/pico_double/double_math.c:291:8:__wrap_tanh	24	static
C:/Program Files/Raspberry Pi/Pico SDK v1.5.1/pico-sdk/src/rp2_common/pico_double/double_math.c:304:8:__wrap_asinh	16	static
C:/Program Files/Raspberry Pi/Pico SDK v1.5.1/pico-sdk/src/rp2_common/pico_double/double_math.c:316:8:__wrap_acosh	24	static
C:/Program Files/Raspberry Pi/Pico SDK v1.5.1/pico-sdk/src/rp2_common/pico_double/double_math.c:325:8:__wrap_atanh	24	static
C:/Program Files/Raspberry Pi/Pico SDK v1.5.1/pico-sdk/src/rp2_common/pico_double/double_math.c:330:8:__wrap_exp2	16	static
C:/Program Files/Raspberry Pi/Pico SDK v1.5.1/pico-sdk/src/rp2_common/pico_double/double_math.c:340:8:__wrap_log2	8	static
C:/Program Files/Raspberry Pi/Pico SDK v1.5.1/pico-sdk/src/rp2_common/pico_double/double_math.c:341:8:__wrap_exp10	8	static
C:/Program Files/Raspberry Pi/Pico SDK v1.5.1/pico-sdk/src/rp2_common/pico_double/double_math.c:342:8:__wrap_log10	8	static
C:/Program Files/Raspberry Pi/Pico SDK v1.5.1/pico-sdk/src/rp2_common/pico_double/double_math.c:345:8:__wrap_expm1	8	static
C:/Program Files/Raspberry Pi/Pico SDK v1.5.1/pico-sdk/src/rp2_common/pico_double/double_math.c:346:8:__wrap_log1p	8	static
C:/Program Files/Raspberry Pi/Pico SDK v1.5.1/pico-sdk/src/rp2_common/pico_double/double_math.c:347:8:__wrap_fma	8	static
C:/Program Files/Raspberry Pi/Pico SDK v1.5.1/pico-sdk/src/rp2_common/pico_double/double_math.c:421:8:__wrap_powint	24	static
C:/Program Files/Raspberry Pi/Pico SDK v1.5.1/pico-sdk/src/rp2_common/pico_double/double_math.c:470:8:__wrap_pow	32	static
C:/Program Files/Raspberry Pi/Pico SDK v1.5.1/pico-sdk/src/rp2_common/pico_double/double_math.c:512:8:__wrap_hypot	40	static
C:/Program Files/Raspberry Pi/Pico SDK v1.5.1/pico-sdk/src/rp2_common/pico_double/double_math.c:527:8:__wrap_cbrt	16	static
C:/Program Files/Raspberry Pi/Pico SDK v1.5.1/pico-sdk/src/rp2_common/pico_double/double_math.c:562:8:__wrap_fmod	32	static
C:/Program Files/Raspberry Pi/Pico SDK v1.5.1/pico-sdk/src/rp2_common/pico_double/double_math.c:581:8:__wrap_remquo	64	static
C:/Program Files/Raspberry Pi/Pico SDK v1.5.1/pico-sdk/src/rp2_common/pico_double/double_math.c:620:8:__wrap_drem	16	static
C:/Program Files/Raspberry Pi/Pico SDK v1.5.1/pico-sdk/src/rp2_common/pico_double/double_math.c:622:8:__wrap_remainder	16	static
