C:/Program Files/Raspberry Pi/Pico SDK v1.5.1/pico-sdk/src/common/pico_util/pheap.c:118:13:ph_dump_node	56	static
C:/Program Files/Raspberry Pi/Pico SDK v1.5.1/pico-sdk/src/common/pico_util/pheap.c:11:10:ph_create	24	static
C:/Program Files/Raspberry Pi/Pico SDK v1.5.1/pico-sdk/src/common/pico_util/pheap.c:19:6:ph_post_alloc_init	12	static
C:/Program Files/Raspberry Pi/Pico SDK v1.5.1/pico-sdk/src/common/pico_util/pheap.c:27:6:ph_clear	0	static
C:/Program Files/Raspberry Pi/Pico SDK v1.5.1/pico-sdk/src/common/pico_util/pheap.c:37:6:ph_destroy	8	static
C:/Program Files/Raspberry Pi/Pico SDK v1.5.1/pico-sdk/src/common/pico_util/pheap.c:42:17:ph_merge_two_pass	32	static
C:/Program Files/Raspberry Pi/Pico SDK v1.5.1/pico-sdk/src/common/pico_util/pheap.c:55:24:ph_remove_any_head	24	static
C:/Program Files/Raspberry Pi/Pico SDK v1.5.1/pico-sdk/src/common/pico_util/pheap.c:76:17:ph_remove_head	24	static
C:/Program Files/Raspberry Pi/Pico SDK v1.5.1/pico-sdk/src/common/pico_util/pheap.c:82:6:ph_remove_and_free_node	16	static
C:/Program Files/Raspberry Pi/Pico SDK v1.5.1/pico-sdk/src/common/pico_util/pheap.c:135:6:ph_dump	16	static
