C:/Program Files/Raspberry Pi/Pico SDK v1.5.1/pico-sdk/src/common/pico_util/queue.c:44:13:queue_add_internal	24	static
C:/Program Files/Raspberry Pi/Pico SDK v1.5.1/pico-sdk/src/common/pico_util/queue.c:62:13:queue_remove_internal	24	static
C:/Program Files/Raspberry Pi/Pico SDK v1.5.1/pico-sdk/src/common/pico_util/queue.c:80:13:queue_peek_internal	24	static
C:/Program Files/Raspberry Pi/Pico SDK v1.5.1/pico-sdk/src/common/pico_util/queue.c:11:6:queue_init_with_spinlock	16	static
C:/Program Files/Raspberry Pi/Pico SDK v1.5.1/pico-sdk/src/common/pico_util/queue.c:20:6:queue_free	8	static
C:/Program Files/Raspberry Pi/Pico SDK v1.5.1/pico-sdk/src/common/pico_util/queue.c:97:6:queue_try_add	8	static
C:/Program Files/Raspberry Pi/Pico SDK v1.5.1/pico-sdk/src/common/pico_util/queue.c:101:6:queue_try_remove	8	static
C:/Program Files/Raspberry Pi/Pico SDK v1.5.1/pico-sdk/src/common/pico_util/queue.c:105:6:queue_try_peek	8	static
C:/Program Files/Raspberry Pi/Pico SDK v1.5.1/pico-sdk/src/common/pico_util/queue.c:109:6:queue_add_blocking	8	static
C:/Program Files/Raspberry Pi/Pico SDK v1.5.1/pico-sdk/src/common/pico_util/queue.c:113:6:queue_remove_blocking	8	static
C:/Program Files/Raspberry Pi/Pico SDK v1.5.1/pico-sdk/src/common/pico_util/queue.c:117:6:queue_peek_blocking	8	static
